15:33:04 **** Incremental Build of configuration Debug for project CASE_STUDY ****
make -j8 all 
arm-none-eabi-gcc "../Core/Src/main.c" -mcpu=cortex-m3 -std=gnu11 -g3 -DUSE_HAL_DRIVER -DSTM32F103x6 -DDEBUG -c -I../Core/Inc -I../Drivers/STM32F1xx_HAL_Driver/Inc -I../Drivers/STM32F1xx_HAL_Driver/Inc/Legacy -I../Drivers/CMSIS/Device/ST/STM32F1xx/Include -I../Drivers/CMSIS/Include -O0 -ffunction-sections -fdata-sections -Wall -fstack-usage -MMD -MP -MF"Core/Src/main.d" -MT"Core/Src/main.o" --specs=nano.specs -mfloat-abi=soft -mthumb -o "Core/Src/main.o"
../Core/Src/main.c: In function 'CAN_TX':
../Core/Src/main.c:82:53: warning: passing argument 4 of 'HAL_CAN_AddTxMessage' from incompatible pointer type [-Wincompatible-pointer-types]
  if( HAL_CAN_AddTxMessage(&hcan, &pHeader, PAYLOAD, &pTxMailbox) != HAL_OK){
                                                     ^
In file included from ../Core/Inc/stm32f1xx_hal_conf.h:257:0,
                 from ../Drivers/STM32F1xx_HAL_Driver/Inc/stm32f1xx_hal.h:30,
                 from ../Core/Inc/main.h:31,
                 from ../Core/Src/main.c:21:
../Drivers/STM32F1xx_HAL_Driver/Inc/stm32f1xx_hal_can.h:679:19: note: expected 'uint32_t * {aka long unsigned int *}' but argument is of type 'uint8_t * {aka unsigned char *}'
 HAL_StatusTypeDef HAL_CAN_AddTxMessage(CAN_HandleTypeDef *hcan, CAN_TxHeaderTypeDef *pHeader, uint8_t aData[], uint32_t *pTxMailbox);
                   ^~~~~~~~~~~~~~~~~~~~
../Core/Src/main.c: In function 'main':
../Core/Src/main.c:208:12: warning: passing argument 1 of 'CAN_RX' from incompatible pointer type [-Wincompatible-pointer-types]
     CAN_RX(&RX_ID, &RX_DLC, DATA_RX);
            ^
../Core/Src/main.c:122:6: note: expected 'uint32_t * {aka long unsigned int *}' but argument is of type 'uint16_t * {aka short unsigned int *}'
 void CAN_RX(uint32_t* ID ,uint8_t* DLC , uint8_t* PAYLOAD){
      ^~~~~~
../Core/Src/main.c:208:20: warning: passing argument 2 of 'CAN_RX' from incompatible pointer type [-Wincompatible-pointer-types]
     CAN_RX(&RX_ID, &RX_DLC, DATA_RX);
                    ^
../Core/Src/main.c:122:6: note: expected 'uint8_t * {aka unsigned char *}' but argument is of type 'uint16_t * {aka short unsigned int *}'
 void CAN_RX(uint32_t* ID ,uint8_t* DLC , uint8_t* PAYLOAD){
      ^~~~~~
arm-none-eabi-gcc -o "CASE_STUDY.elf" @"objects.list"   -mcpu=cortex-m3 -T"D:\embeded_system_diploma\CAN PROTOCOL\CASE STUDY 1\CODES\CASE_STUDY\STM32F103C6TX_FLASH.ld" --specs=nosys.specs -Wl,-Map="CASE_STUDY.map" -Wl,--gc-sections -static --specs=nano.specs -mfloat-abi=soft -mthumb -Wl,--start-group -lc -lm -Wl,--end-group
Finished building target: CASE_STUDY.elf
 
arm-none-eabi-objdump -h -S  CASE_STUDY.elf  > "CASE_STUDY.list"
arm-none-eabi-objcopy  -O binary  CASE_STUDY.elf  "CASE_STUDY.bin"
arm-none-eabi-size   CASE_STUDY.elf 
   text	   data	    bss	    dec	    hex	filename
   7208	     20	   1612	   8840	   2288	CASE_STUDY.elf
Finished building: default.size.stdout
 
Finished building: CASE_STUDY.bin
 
Finished building: CASE_STUDY.list
 

15:33:05 Build Finished. 0 errors, 3 warnings. (took 892ms)

