19:59:45 **** Build of configuration Debug for project CASE_STUDY ****
make -j8 all 
arm-none-eabi-gcc "../Drivers/STM32F1xx_HAL_Driver/Src/stm32f1xx_hal.c" -mcpu=cortex-m3 -std=gnu11 -g3 -DUSE_HAL_DRIVER -DSTM32F103x6 -DDEBUG -c -I../Core/Inc -I../Drivers/STM32F1xx_HAL_Driver/Inc -I../Drivers/STM32F1xx_HAL_Driver/Inc/Legacy -I../Drivers/CMSIS/Device/ST/STM32F1xx/Include -I../Drivers/CMSIS/Include -O0 -ffunction-sections -fdata-sections -Wall -fstack-usage -MMD -MP -MF"Drivers/STM32F1xx_HAL_Driver/Src/stm32f1xx_hal.d" -MT"Drivers/STM32F1xx_HAL_Driver/Src/stm32f1xx_hal.o" --specs=nano.specs -mfloat-abi=soft -mthumb -o "Drivers/STM32F1xx_HAL_Driver/Src/stm32f1xx_hal.o"
arm-none-eabi-gcc "../Drivers/STM32F1xx_HAL_Driver/Src/stm32f1xx_hal_can.c" -mcpu=cortex-m3 -std=gnu11 -g3 -DUSE_HAL_DRIVER -DSTM32F103x6 -DDEBUG -c -I../Core/Inc -I../Drivers/STM32F1xx_HAL_Driver/Inc -I../Drivers/STM32F1xx_HAL_Driver/Inc/Legacy -I../Drivers/CMSIS/Device/ST/STM32F1xx/Include -I../Drivers/CMSIS/Include -O0 -ffunction-sections -fdata-sections -Wall -fstack-usage -MMD -MP -MF"Drivers/STM32F1xx_HAL_Driver/Src/stm32f1xx_hal_can.d" -MT"Drivers/STM32F1xx_HAL_Driver/Src/stm32f1xx_hal_can.o" --specs=nano.specs -mfloat-abi=soft -mthumb -o "Drivers/STM32F1xx_HAL_Driver/Src/stm32f1xx_hal_can.o"
arm-none-eabi-gcc "../Drivers/STM32F1xx_HAL_Driver/Src/stm32f1xx_hal_cortex.c" -mcpu=cortex-m3 -std=gnu11 -g3 -DUSE_HAL_DRIVER -DSTM32F103x6 -DDEBUG -c -I../Core/Inc -I../Drivers/STM32F1xx_HAL_Driver/Inc -I../Drivers/STM32F1xx_HAL_Driver/Inc/Legacy -I../Drivers/CMSIS/Device/ST/STM32F1xx/Include -I../Drivers/CMSIS/Include -O0 -ffunction-sections -fdata-sections -Wall -fstack-usage -MMD -MP -MF"Drivers/STM32F1xx_HAL_Driver/Src/stm32f1xx_hal_cortex.d" -MT"Drivers/STM32F1xx_HAL_Driver/Src/stm32f1xx_hal_cortex.o" --specs=nano.specs -mfloat-abi=soft -mthumb -o "Drivers/STM32F1xx_HAL_Driver/Src/stm32f1xx_hal_cortex.o"
arm-none-eabi-gcc "../Drivers/STM32F1xx_HAL_Driver/Src/stm32f1xx_hal_dma.c" -mcpu=cortex-m3 -std=gnu11 -g3 -DUSE_HAL_DRIVER -DSTM32F103x6 -DDEBUG -c -I../Core/Inc -I../Drivers/STM32F1xx_HAL_Driver/Inc -I../Drivers/STM32F1xx_HAL_Driver/Inc/Legacy -I../Drivers/CMSIS/Device/ST/STM32F1xx/Include -I../Drivers/CMSIS/Include -O0 -ffunction-sections -fdata-sections -Wall -fstack-usage -MMD -MP -MF"Drivers/STM32F1xx_HAL_Driver/Src/stm32f1xx_hal_dma.d" -MT"Drivers/STM32F1xx_HAL_Driver/Src/stm32f1xx_hal_dma.o" --specs=nano.specs -mfloat-abi=soft -mthumb -o "Drivers/STM32F1xx_HAL_Driver/Src/stm32f1xx_hal_dma.o"
arm-none-eabi-gcc "../Drivers/STM32F1xx_HAL_Driver/Src/stm32f1xx_hal_exti.c" -mcpu=cortex-m3 -std=gnu11 -g3 -DUSE_HAL_DRIVER -DSTM32F103x6 -DDEBUG -c -I../Core/Inc -I../Drivers/STM32F1xx_HAL_Driver/Inc -I../Drivers/STM32F1xx_HAL_Driver/Inc/Legacy -I../Drivers/CMSIS/Device/ST/STM32F1xx/Include -I../Drivers/CMSIS/Include -O0 -ffunction-sections -fdata-sections -Wall -fstack-usage -MMD -MP -MF"Drivers/STM32F1xx_HAL_Driver/Src/stm32f1xx_hal_exti.d" -MT"Drivers/STM32F1xx_HAL_Driver/Src/stm32f1xx_hal_exti.o" --specs=nano.specs -mfloat-abi=soft -mthumb -o "Drivers/STM32F1xx_HAL_Driver/Src/stm32f1xx_hal_exti.o"
arm-none-eabi-gcc "../Drivers/STM32F1xx_HAL_Driver/Src/stm32f1xx_hal_flash.c" -mcpu=cortex-m3 -std=gnu11 -g3 -DUSE_HAL_DRIVER -DSTM32F103x6 -DDEBUG -c -I../Core/Inc -I../Drivers/STM32F1xx_HAL_Driver/Inc -I../Drivers/STM32F1xx_HAL_Driver/Inc/Legacy -I../Drivers/CMSIS/Device/ST/STM32F1xx/Include -I../Drivers/CMSIS/Include -O0 -ffunction-sections -fdata-sections -Wall -fstack-usage -MMD -MP -MF"Drivers/STM32F1xx_HAL_Driver/Src/stm32f1xx_hal_flash.d" -MT"Drivers/STM32F1xx_HAL_Driver/Src/stm32f1xx_hal_flash.o" --specs=nano.specs -mfloat-abi=soft -mthumb -o "Drivers/STM32F1xx_HAL_Driver/Src/stm32f1xx_hal_flash.o"
arm-none-eabi-gcc "../Drivers/STM32F1xx_HAL_Driver/Src/stm32f1xx_hal_flash_ex.c" -mcpu=cortex-m3 -std=gnu11 -g3 -DUSE_HAL_DRIVER -DSTM32F103x6 -DDEBUG -c -I../Core/Inc -I../Drivers/STM32F1xx_HAL_Driver/Inc -I../Drivers/STM32F1xx_HAL_Driver/Inc/Legacy -I../Drivers/CMSIS/Device/ST/STM32F1xx/Include -I../Drivers/CMSIS/Include -O0 -ffunction-sections -fdata-sections -Wall -fstack-usage -MMD -MP -MF"Drivers/STM32F1xx_HAL_Driver/Src/stm32f1xx_hal_flash_ex.d" -MT"Drivers/STM32F1xx_HAL_Driver/Src/stm32f1xx_hal_flash_ex.o" --specs=nano.specs -mfloat-abi=soft -mthumb -o "Drivers/STM32F1xx_HAL_Driver/Src/stm32f1xx_hal_flash_ex.o"
arm-none-eabi-gcc "../Drivers/STM32F1xx_HAL_Driver/Src/stm32f1xx_hal_gpio.c" -mcpu=cortex-m3 -std=gnu11 -g3 -DUSE_HAL_DRIVER -DSTM32F103x6 -DDEBUG -c -I../Core/Inc -I../Drivers/STM32F1xx_HAL_Driver/Inc -I../Drivers/STM32F1xx_HAL_Driver/Inc/Legacy -I../Drivers/CMSIS/Device/ST/STM32F1xx/Include -I../Drivers/CMSIS/Include -O0 -ffunction-sections -fdata-sections -Wall -fstack-usage -MMD -MP -MF"Drivers/STM32F1xx_HAL_Driver/Src/stm32f1xx_hal_gpio.d" -MT"Drivers/STM32F1xx_HAL_Driver/Src/stm32f1xx_hal_gpio.o" --specs=nano.specs -mfloat-abi=soft -mthumb -o "Drivers/STM32F1xx_HAL_Driver/Src/stm32f1xx_hal_gpio.o"
arm-none-eabi-gcc "../Drivers/STM32F1xx_HAL_Driver/Src/stm32f1xx_hal_gpio_ex.c" -mcpu=cortex-m3 -std=gnu11 -g3 -DUSE_HAL_DRIVER -DSTM32F103x6 -DDEBUG -c -I../Core/Inc -I../Drivers/STM32F1xx_HAL_Driver/Inc -I../Drivers/STM32F1xx_HAL_Driver/Inc/Legacy -I../Drivers/CMSIS/Device/ST/STM32F1xx/Include -I../Drivers/CMSIS/Include -O0 -ffunction-sections -fdata-sections -Wall -fstack-usage -MMD -MP -MF"Drivers/STM32F1xx_HAL_Driver/Src/stm32f1xx_hal_gpio_ex.d" -MT"Drivers/STM32F1xx_HAL_Driver/Src/stm32f1xx_hal_gpio_ex.o" --specs=nano.specs -mfloat-abi=soft -mthumb -o "Drivers/STM32F1xx_HAL_Driver/Src/stm32f1xx_hal_gpio_ex.o"
arm-none-eabi-gcc "../Drivers/STM32F1xx_HAL_Driver/Src/stm32f1xx_hal_pwr.c" -mcpu=cortex-m3 -std=gnu11 -g3 -DUSE_HAL_DRIVER -DSTM32F103x6 -DDEBUG -c -I../Core/Inc -I../Drivers/STM32F1xx_HAL_Driver/Inc -I../Drivers/STM32F1xx_HAL_Driver/Inc/Legacy -I../Drivers/CMSIS/Device/ST/STM32F1xx/Include -I../Drivers/CMSIS/Include -O0 -ffunction-sections -fdata-sections -Wall -fstack-usage -MMD -MP -MF"Drivers/STM32F1xx_HAL_Driver/Src/stm32f1xx_hal_pwr.d" -MT"Drivers/STM32F1xx_HAL_Driver/Src/stm32f1xx_hal_pwr.o" --specs=nano.specs -mfloat-abi=soft -mthumb -o "Drivers/STM32F1xx_HAL_Driver/Src/stm32f1xx_hal_pwr.o"
arm-none-eabi-gcc "../Drivers/STM32F1xx_HAL_Driver/Src/stm32f1xx_hal_rcc.c" -mcpu=cortex-m3 -std=gnu11 -g3 -DUSE_HAL_DRIVER -DSTM32F103x6 -DDEBUG -c -I../Core/Inc -I../Drivers/STM32F1xx_HAL_Driver/Inc -I../Drivers/STM32F1xx_HAL_Driver/Inc/Legacy -I../Drivers/CMSIS/Device/ST/STM32F1xx/Include -I../Drivers/CMSIS/Include -O0 -ffunction-sections -fdata-sections -Wall -fstack-usage -MMD -MP -MF"Drivers/STM32F1xx_HAL_Driver/Src/stm32f1xx_hal_rcc.d" -MT"Drivers/STM32F1xx_HAL_Driver/Src/stm32f1xx_hal_rcc.o" --specs=nano.specs -mfloat-abi=soft -mthumb -o "Drivers/STM32F1xx_HAL_Driver/Src/stm32f1xx_hal_rcc.o"
arm-none-eabi-gcc "../Drivers/STM32F1xx_HAL_Driver/Src/stm32f1xx_hal_rcc_ex.c" -mcpu=cortex-m3 -std=gnu11 -g3 -DUSE_HAL_DRIVER -DSTM32F103x6 -DDEBUG -c -I../Core/Inc -I../Drivers/STM32F1xx_HAL_Driver/Inc -I../Drivers/STM32F1xx_HAL_Driver/Inc/Legacy -I../Drivers/CMSIS/Device/ST/STM32F1xx/Include -I../Drivers/CMSIS/Include -O0 -ffunction-sections -fdata-sections -Wall -fstack-usage -MMD -MP -MF"Drivers/STM32F1xx_HAL_Driver/Src/stm32f1xx_hal_rcc_ex.d" -MT"Drivers/STM32F1xx_HAL_Driver/Src/stm32f1xx_hal_rcc_ex.o" --specs=nano.specs -mfloat-abi=soft -mthumb -o "Drivers/STM32F1xx_HAL_Driver/Src/stm32f1xx_hal_rcc_ex.o"
arm-none-eabi-gcc "../Drivers/STM32F1xx_HAL_Driver/Src/stm32f1xx_hal_tim.c" -mcpu=cortex-m3 -std=gnu11 -g3 -DUSE_HAL_DRIVER -DSTM32F103x6 -DDEBUG -c -I../Core/Inc -I../Drivers/STM32F1xx_HAL_Driver/Inc -I../Drivers/STM32F1xx_HAL_Driver/Inc/Legacy -I../Drivers/CMSIS/Device/ST/STM32F1xx/Include -I../Drivers/CMSIS/Include -O0 -ffunction-sections -fdata-sections -Wall -fstack-usage -MMD -MP -MF"Drivers/STM32F1xx_HAL_Driver/Src/stm32f1xx_hal_tim.d" -MT"Drivers/STM32F1xx_HAL_Driver/Src/stm32f1xx_hal_tim.o" --specs=nano.specs -mfloat-abi=soft -mthumb -o "Drivers/STM32F1xx_HAL_Driver/Src/stm32f1xx_hal_tim.o"
arm-none-eabi-gcc "../Drivers/STM32F1xx_HAL_Driver/Src/stm32f1xx_hal_tim_ex.c" -mcpu=cortex-m3 -std=gnu11 -g3 -DUSE_HAL_DRIVER -DSTM32F103x6 -DDEBUG -c -I../Core/Inc -I../Drivers/STM32F1xx_HAL_Driver/Inc -I../Drivers/STM32F1xx_HAL_Driver/Inc/Legacy -I../Drivers/CMSIS/Device/ST/STM32F1xx/Include -I../Drivers/CMSIS/Include -O0 -ffunction-sections -fdata-sections -Wall -fstack-usage -MMD -MP -MF"Drivers/STM32F1xx_HAL_Driver/Src/stm32f1xx_hal_tim_ex.d" -MT"Drivers/STM32F1xx_HAL_Driver/Src/stm32f1xx_hal_tim_ex.o" --specs=nano.specs -mfloat-abi=soft -mthumb -o "Drivers/STM32F1xx_HAL_Driver/Src/stm32f1xx_hal_tim_ex.o"
arm-none-eabi-gcc -mcpu=cortex-m3 -g3 -c -x assembler-with-cpp -MMD -MP -MF"Core/Startup/startup_stm32f103c6tx.d" -MT"Core/Startup/startup_stm32f103c6tx.o" --specs=nano.specs -mfloat-abi=soft -mthumb -o "Core/Startup/startup_stm32f103c6tx.o" "../Core/Startup/startup_stm32f103c6tx.s"
arm-none-eabi-gcc "../Core/Src/main.c" -mcpu=cortex-m3 -std=gnu11 -g3 -DUSE_HAL_DRIVER -DSTM32F103x6 -DDEBUG -c -I../Core/Inc -I../Drivers/STM32F1xx_HAL_Driver/Inc -I../Drivers/STM32F1xx_HAL_Driver/Inc/Legacy -I../Drivers/CMSIS/Device/ST/STM32F1xx/Include -I../Drivers/CMSIS/Include -O0 -ffunction-sections -fdata-sections -Wall -fstack-usage -MMD -MP -MF"Core/Src/main.d" -MT"Core/Src/main.o" --specs=nano.specs -mfloat-abi=soft -mthumb -o "Core/Src/main.o"
../Core/Src/main.c: In function 'CAN_TX':
../Core/Src/main.c:82:53: warning: passing argument 4 of 'HAL_CAN_AddTxMessage' from incompatible pointer type [-Wincompatible-pointer-types]
  if( HAL_CAN_AddTxMessage(&hcan, &pHeader, PAYLOAD, &pTxMailbox) != HAL_OK){
                                                     ^
In file included from ../Core/Inc/stm32f1xx_hal_conf.h:257:0,
                 from ../Drivers/STM32F1xx_HAL_Driver/Inc/stm32f1xx_hal.h:30,
                 from ../Core/Inc/main.h:31,
                 from ../Core/Src/main.c:21:
../Drivers/STM32F1xx_HAL_Driver/Inc/stm32f1xx_hal_can.h:679:19: note: expected 'uint32_t * {aka long unsigned int *}' but argument is of type 'uint8_t * {aka unsigned char *}'
 HAL_StatusTypeDef HAL_CAN_AddTxMessage(CAN_HandleTypeDef *hcan, CAN_TxHeaderTypeDef *pHeader, uint8_t aData[], uint32_t *pTxMailbox);
                   ^~~~~~~~~~~~~~~~~~~~
../Core/Src/main.c: In function 'main':
../Core/Src/main.c:156:52: warning: excess elements in array initializer
   uint8_t DATA_TX[7]={ 'C','A','N',' ','N','O',';',' '};
                                                    ^~~
../Core/Src/main.c:156:52: note: (near initialization for 'DATA_TX')
../Core/Src/main.c:165:3: error: expected ';' before '}' token
   }
   ^
make: *** [Core/Src/subdir.mk:33: Core/Src/main.o] Error 1
make: *** Waiting for unfinished jobs....
"make -j8 all" terminated with exit code 2. Build might be incomplete.
20:00:21 **** Incremental Build of configuration Debug for project CASE_STUDY ****
make -j8 all 
arm-none-eabi-gcc "../Core/Src/main.c" -mcpu=cortex-m3 -std=gnu11 -g3 -DUSE_HAL_DRIVER -DSTM32F103x6 -DDEBUG -c -I../Core/Inc -I../Drivers/STM32F1xx_HAL_Driver/Inc -I../Drivers/STM32F1xx_HAL_Driver/Inc/Legacy -I../Drivers/CMSIS/Device/ST/STM32F1xx/Include -I../Drivers/CMSIS/Include -O0 -ffunction-sections -fdata-sections -Wall -fstack-usage -MMD -MP -MF"Core/Src/main.d" -MT"Core/Src/main.o" --specs=nano.specs -mfloat-abi=soft -mthumb -o "Core/Src/main.o"
arm-none-eabi-gcc "../Core/Src/stm32f1xx_hal_msp.c" -mcpu=cortex-m3 -std=gnu11 -g3 -DUSE_HAL_DRIVER -DSTM32F103x6 -DDEBUG -c -I../Core/Inc -I../Drivers/STM32F1xx_HAL_Driver/Inc -I../Drivers/STM32F1xx_HAL_Driver/Inc/Legacy -I../Drivers/CMSIS/Device/ST/STM32F1xx/Include -I../Drivers/CMSIS/Include -O0 -ffunction-sections -fdata-sections -Wall -fstack-usage -MMD -MP -MF"Core/Src/stm32f1xx_hal_msp.d" -MT"Core/Src/stm32f1xx_hal_msp.o" --specs=nano.specs -mfloat-abi=soft -mthumb -o "Core/Src/stm32f1xx_hal_msp.o"
arm-none-eabi-gcc "../Core/Src/stm32f1xx_it.c" -mcpu=cortex-m3 -std=gnu11 -g3 -DUSE_HAL_DRIVER -DSTM32F103x6 -DDEBUG -c -I../Core/Inc -I../Drivers/STM32F1xx_HAL_Driver/Inc -I../Drivers/STM32F1xx_HAL_Driver/Inc/Legacy -I../Drivers/CMSIS/Device/ST/STM32F1xx/Include -I../Drivers/CMSIS/Include -O0 -ffunction-sections -fdata-sections -Wall -fstack-usage -MMD -MP -MF"Core/Src/stm32f1xx_it.d" -MT"Core/Src/stm32f1xx_it.o" --specs=nano.specs -mfloat-abi=soft -mthumb -o "Core/Src/stm32f1xx_it.o"
arm-none-eabi-gcc "../Core/Src/syscalls.c" -mcpu=cortex-m3 -std=gnu11 -g3 -DUSE_HAL_DRIVER -DSTM32F103x6 -DDEBUG -c -I../Core/Inc -I../Drivers/STM32F1xx_HAL_Driver/Inc -I../Drivers/STM32F1xx_HAL_Driver/Inc/Legacy -I../Drivers/CMSIS/Device/ST/STM32F1xx/Include -I../Drivers/CMSIS/Include -O0 -ffunction-sections -fdata-sections -Wall -fstack-usage -MMD -MP -MF"Core/Src/syscalls.d" -MT"Core/Src/syscalls.o" --specs=nano.specs -mfloat-abi=soft -mthumb -o "Core/Src/syscalls.o"
arm-none-eabi-gcc "../Core/Src/sysmem.c" -mcpu=cortex-m3 -std=gnu11 -g3 -DUSE_HAL_DRIVER -DSTM32F103x6 -DDEBUG -c -I../Core/Inc -I../Drivers/STM32F1xx_HAL_Driver/Inc -I../Drivers/STM32F1xx_HAL_Driver/Inc/Legacy -I../Drivers/CMSIS/Device/ST/STM32F1xx/Include -I../Drivers/CMSIS/Include -O0 -ffunction-sections -fdata-sections -Wall -fstack-usage -MMD -MP -MF"Core/Src/sysmem.d" -MT"Core/Src/sysmem.o" --specs=nano.specs -mfloat-abi=soft -mthumb -o "Core/Src/sysmem.o"
arm-none-eabi-gcc "../Core/Src/system_stm32f1xx.c" -mcpu=cortex-m3 -std=gnu11 -g3 -DUSE_HAL_DRIVER -DSTM32F103x6 -DDEBUG -c -I../Core/Inc -I../Drivers/STM32F1xx_HAL_Driver/Inc -I../Drivers/STM32F1xx_HAL_Driver/Inc/Legacy -I../Drivers/CMSIS/Device/ST/STM32F1xx/Include -I../Drivers/CMSIS/Include -O0 -ffunction-sections -fdata-sections -Wall -fstack-usage -MMD -MP -MF"Core/Src/system_stm32f1xx.d" -MT"Core/Src/system_stm32f1xx.o" --specs=nano.specs -mfloat-abi=soft -mthumb -o "Core/Src/system_stm32f1xx.o"
../Core/Src/main.c: In function 'CAN_TX':
../Core/Src/main.c:82:53: warning: passing argument 4 of 'HAL_CAN_AddTxMessage' from incompatible pointer type [-Wincompatible-pointer-types]
  if( HAL_CAN_AddTxMessage(&hcan, &pHeader, PAYLOAD, &pTxMailbox) != HAL_OK){
                                                     ^
In file included from ../Core/Inc/stm32f1xx_hal_conf.h:257:0,
                 from ../Drivers/STM32F1xx_HAL_Driver/Inc/stm32f1xx_hal.h:30,
                 from ../Core/Inc/main.h:31,
                 from ../Core/Src/main.c:21:
../Drivers/STM32F1xx_HAL_Driver/Inc/stm32f1xx_hal_can.h:679:19: note: expected 'uint32_t * {aka long unsigned int *}' but argument is of type 'uint8_t * {aka unsigned char *}'
 HAL_StatusTypeDef HAL_CAN_AddTxMessage(CAN_HandleTypeDef *hcan, CAN_TxHeaderTypeDef *pHeader, uint8_t aData[], uint32_t *pTxMailbox);
                   ^~~~~~~~~~~~~~~~~~~~
../Core/Src/main.c: In function 'main':
../Core/Src/main.c:156:52: warning: excess elements in array initializer
   uint8_t DATA_TX[7]={ 'C','A','N',' ','N','O',';',' '};
                                                    ^~~
../Core/Src/main.c:156:52: note: (near initialization for 'DATA_TX')
arm-none-eabi-gcc -o "CASE_STUDY.elf" @"objects.list"   -mcpu=cortex-m3 -T"D:\embeded_system_diploma\CAN PROTOCOL\CASE STUDY 1\CODES\CASE_STUDY\STM32F103C6TX_FLASH.ld" --specs=nosys.specs -Wl,-Map="CASE_STUDY.map" -Wl,--gc-sections -static --specs=nano.specs -mfloat-abi=soft -mthumb -Wl,--start-group -lc -lm -Wl,--end-group
Finished building target: CASE_STUDY.elf
 
arm-none-eabi-size   CASE_STUDY.elf 
arm-none-eabi-objdump -h -S  CASE_STUDY.elf  > "CASE_STUDY.list"
arm-none-eabi-objcopy  -O binary  CASE_STUDY.elf  "CASE_STUDY.bin"
   text	   data	    bss	    dec	    hex	filename
   5984	     20	   1612	   7616	   1dc0	CASE_STUDY.elf
Finished building: default.size.stdout
 
Finished building: CASE_STUDY.bin
 
Finished building: CASE_STUDY.list
 
20:03:27 **** Incremental Build of configuration Debug for project CASE_STUDY ****
make -j8 all 
arm-none-eabi-gcc "../Core/Src/main.c" -mcpu=cortex-m3 -std=gnu11 -g3 -DUSE_HAL_DRIVER -DSTM32F103x6 -DDEBUG -c -I../Core/Inc -I../Drivers/STM32F1xx_HAL_Driver/Inc -I../Drivers/STM32F1xx_HAL_Driver/Inc/Legacy -I../Drivers/CMSIS/Device/ST/STM32F1xx/Include -I../Drivers/CMSIS/Include -O0 -ffunction-sections -fdata-sections -Wall -fstack-usage -MMD -MP -MF"Core/Src/main.d" -MT"Core/Src/main.o" --specs=nano.specs -mfloat-abi=soft -mthumb -o "Core/Src/main.o"
../Core/Src/main.c: In function 'CAN_TX':
../Core/Src/main.c:82:53: warning: passing argument 4 of 'HAL_CAN_AddTxMessage' from incompatible pointer type [-Wincompatible-pointer-types]
  if( HAL_CAN_AddTxMessage(&hcan, &pHeader, PAYLOAD, &pTxMailbox) != HAL_OK){
                                                     ^
In file included from ../Core/Inc/stm32f1xx_hal_conf.h:257:0,
                 from ../Drivers/STM32F1xx_HAL_Driver/Inc/stm32f1xx_hal.h:30,
                 from ../Core/Inc/main.h:31,
                 from ../Core/Src/main.c:21:
../Drivers/STM32F1xx_HAL_Driver/Inc/stm32f1xx_hal_can.h:679:19: note: expected 'uint32_t * {aka long unsigned int *}' but argument is of type 'uint8_t * {aka unsigned char *}'
 HAL_StatusTypeDef HAL_CAN_AddTxMessage(CAN_HandleTypeDef *hcan, CAN_TxHeaderTypeDef *pHeader, uint8_t aData[], uint32_t *pTxMailbox);
                   ^~~~~~~~~~~~~~~~~~~~
arm-none-eabi-gcc -o "CASE_STUDY.elf" @"objects.list"   -mcpu=cortex-m3 -T"D:\embeded_system_diploma\CAN PROTOCOL\CASE STUDY 1\CODES\CASE_STUDY\STM32F103C6TX_FLASH.ld" --specs=nosys.specs -Wl,-Map="CASE_STUDY.map" -Wl,--gc-sections -static --specs=nano.specs -mfloat-abi=soft -mthumb -Wl,--start-group -lc -lm -Wl,--end-group
Finished building target: CASE_STUDY.elf
 
arm-none-eabi-objdump -h -S  CASE_STUDY.elf  > "CASE_STUDY.list"
arm-none-eabi-objcopy  -O binary  CASE_STUDY.elf  "CASE_STUDY.bin"
arm-none-eabi-size   CASE_STUDY.elf 
   text	   data	    bss	    dec	    hex	filename
   5976	     20	   1612	   7608	   1db8	CASE_STUDY.elf
Finished building: default.size.stdout
 
Finished building: CASE_STUDY.bin
 
Finished building: CASE_STUDY.list
 
20:25:52 **** Incremental Build of configuration Debug for project CASE_STUDY ****
make -j8 all 
arm-none-eabi-gcc "../Core/Src/main.c" -mcpu=cortex-m3 -std=gnu11 -g3 -DUSE_HAL_DRIVER -DSTM32F103x6 -DDEBUG -c -I../Core/Inc -I../Drivers/STM32F1xx_HAL_Driver/Inc -I../Drivers/STM32F1xx_HAL_Driver/Inc/Legacy -I../Drivers/CMSIS/Device/ST/STM32F1xx/Include -I../Drivers/CMSIS/Include -O0 -ffunction-sections -fdata-sections -Wall -fstack-usage -MMD -MP -MF"Core/Src/main.d" -MT"Core/Src/main.o" --specs=nano.specs -mfloat-abi=soft -mthumb -o "Core/Src/main.o"
../Core/Src/main.c: In function 'CAN_TX':
../Core/Src/main.c:82:53: warning: passing argument 4 of 'HAL_CAN_AddTxMessage' from incompatible pointer type [-Wincompatible-pointer-types]
  if( HAL_CAN_AddTxMessage(&hcan, &pHeader, PAYLOAD, &pTxMailbox) != HAL_OK){
                                                     ^
In file included from ../Core/Inc/stm32f1xx_hal_conf.h:257:0,
                 from ../Drivers/STM32F1xx_HAL_Driver/Inc/stm32f1xx_hal.h:30,
                 from ../Core/Inc/main.h:31,
                 from ../Core/Src/main.c:21:
../Drivers/STM32F1xx_HAL_Driver/Inc/stm32f1xx_hal_can.h:679:19: note: expected 'uint32_t * {aka long unsigned int *}' but argument is of type 'uint8_t * {aka unsigned char *}'
 HAL_StatusTypeDef HAL_CAN_AddTxMessage(CAN_HandleTypeDef *hcan, CAN_TxHeaderTypeDef *pHeader, uint8_t aData[], uint32_t *pTxMailbox);
                   ^~~~~~~~~~~~~~~~~~~~
arm-none-eabi-gcc -o "CASE_STUDY.elf" @"objects.list"   -mcpu=cortex-m3 -T"D:\embeded_system_diploma\CAN PROTOCOL\CASE STUDY 1\CODES\CASE_STUDY\STM32F103C6TX_FLASH.ld" --specs=nosys.specs -Wl,-Map="CASE_STUDY.map" -Wl,--gc-sections -static --specs=nano.specs -mfloat-abi=soft -mthumb -Wl,--start-group -lc -lm -Wl,--end-group
Finished building target: CASE_STUDY.elf
 
arm-none-eabi-objdump -h -S  CASE_STUDY.elf  > "CASE_STUDY.list"
arm-none-eabi-objcopy  -O binary  CASE_STUDY.elf  "CASE_STUDY.bin"
arm-none-eabi-size   CASE_STUDY.elf 
   text	   data	    bss	    dec	    hex	filename
   5980	     20	   1612	   7612	   1dbc	CASE_STUDY.elf
Finished building: default.size.stdout
 
Finished building: CASE_STUDY.bin
 
Finished building: CASE_STUDY.list
 
15:19:58 **** Incremental Build of configuration Debug for project CASE_STUDY ****
make -j8 all 
arm-none-eabi-gcc "../Core/Src/main.c" -mcpu=cortex-m3 -std=gnu11 -g3 -DUSE_HAL_DRIVER -DSTM32F103x6 -DDEBUG -c -I../Core/Inc -I../Drivers/STM32F1xx_HAL_Driver/Inc -I../Drivers/STM32F1xx_HAL_Driver/Inc/Legacy -I../Drivers/CMSIS/Device/ST/STM32F1xx/Include -I../Drivers/CMSIS/Include -O0 -ffunction-sections -fdata-sections -Wall -fstack-usage -MMD -MP -MF"Core/Src/main.d" -MT"Core/Src/main.o" --specs=nano.specs -mfloat-abi=soft -mthumb -o "Core/Src/main.o"
../Core/Src/main.c: In function 'CAN_TX':
../Core/Src/main.c:82:53: warning: passing argument 4 of 'HAL_CAN_AddTxMessage' from incompatible pointer type [-Wincompatible-pointer-types]
  if( HAL_CAN_AddTxMessage(&hcan, &pHeader, PAYLOAD, &pTxMailbox) != HAL_OK){
                                                     ^
In file included from ../Core/Inc/stm32f1xx_hal_conf.h:257:0,
                 from ../Drivers/STM32F1xx_HAL_Driver/Inc/stm32f1xx_hal.h:30,
                 from ../Core/Inc/main.h:31,
                 from ../Core/Src/main.c:21:
../Drivers/STM32F1xx_HAL_Driver/Inc/stm32f1xx_hal_can.h:679:19: note: expected 'uint32_t * {aka long unsigned int *}' but argument is of type 'uint8_t * {aka unsigned char *}'
 HAL_StatusTypeDef HAL_CAN_AddTxMessage(CAN_HandleTypeDef *hcan, CAN_TxHeaderTypeDef *pHeader, uint8_t aData[], uint32_t *pTxMailbox);
                   ^~~~~~~~~~~~~~~~~~~~
../Core/Src/main.c: In function 'main':
../Core/Src/main.c:208:12: warning: passing argument 1 of 'CAN_RX' from incompatible pointer type [-Wincompatible-pointer-types]
     CAN_RX(&RX_ID, &RX_DLC, DATA_RX);
            ^
../Core/Src/main.c:122:6: note: expected 'uint32_t * {aka long unsigned int *}' but argument is of type 'uint16_t * {aka short unsigned int *}'
 void CAN_RX(uint32_t* ID ,uint8_t* DLC , uint8_t* PAYLOAD){
      ^~~~~~
../Core/Src/main.c:208:20: warning: passing argument 2 of 'CAN_RX' from incompatible pointer type [-Wincompatible-pointer-types]
     CAN_RX(&RX_ID, &RX_DLC, DATA_RX);
                    ^
../Core/Src/main.c:122:6: note: expected 'uint8_t * {aka unsigned char *}' but argument is of type 'uint16_t * {aka short unsigned int *}'
 void CAN_RX(uint32_t* ID ,uint8_t* DLC , uint8_t* PAYLOAD){
      ^~~~~~
arm-none-eabi-gcc -o "CASE_STUDY.elf" @"objects.list"   -mcpu=cortex-m3 -T"D:\embeded_system_diploma\CAN PROTOCOL\CASE STUDY 1\CODES\CASE_STUDY\STM32F103C6TX_FLASH.ld" --specs=nosys.specs -Wl,-Map="CASE_STUDY.map" -Wl,--gc-sections -static --specs=nano.specs -mfloat-abi=soft -mthumb -Wl,--start-group -lc -lm -Wl,--end-group
Finished building target: CASE_STUDY.elf
 
arm-none-eabi-objdump -h -S  CASE_STUDY.elf  > "CASE_STUDY.list"
arm-none-eabi-objcopy  -O binary  CASE_STUDY.elf  "CASE_STUDY.bin"
arm-none-eabi-size   CASE_STUDY.elf 
   text	   data	    bss	    dec	    hex	filename
   7208	     20	   1612	   8840	   2288	CASE_STUDY.elf
Finished building: default.size.stdout
 
Finished building: CASE_STUDY.bin
 
Finished building: CASE_STUDY.list
 
15:27:34 **** Incremental Build of configuration Debug for project CASE_STUDY ****
make -j8 all 
arm-none-eabi-gcc "../Core/Src/main.c" -mcpu=cortex-m3 -std=gnu11 -g3 -DUSE_HAL_DRIVER -DSTM32F103x6 -DDEBUG -c -I../Core/Inc -I../Drivers/STM32F1xx_HAL_Driver/Inc -I../Drivers/STM32F1xx_HAL_Driver/Inc/Legacy -I../Drivers/CMSIS/Device/ST/STM32F1xx/Include -I../Drivers/CMSIS/Include -O0 -ffunction-sections -fdata-sections -Wall -fstack-usage -MMD -MP -MF"Core/Src/main.d" -MT"Core/Src/main.o" --specs=nano.specs -mfloat-abi=soft -mthumb -o "Core/Src/main.o"
../Core/Src/main.c: In function 'CAN_TX':
../Core/Src/main.c:82:53: warning: passing argument 4 of 'HAL_CAN_AddTxMessage' from incompatible pointer type [-Wincompatible-pointer-types]
  if( HAL_CAN_AddTxMessage(&hcan, &pHeader, PAYLOAD, &pTxMailbox) != HAL_OK){
                                                     ^
In file included from ../Core/Inc/stm32f1xx_hal_conf.h:257:0,
                 from ../Drivers/STM32F1xx_HAL_Driver/Inc/stm32f1xx_hal.h:30,
                 from ../Core/Inc/main.h:31,
                 from ../Core/Src/main.c:21:
../Drivers/STM32F1xx_HAL_Driver/Inc/stm32f1xx_hal_can.h:679:19: note: expected 'uint32_t * {aka long unsigned int *}' but argument is of type 'uint8_t * {aka unsigned char *}'
 HAL_StatusTypeDef HAL_CAN_AddTxMessage(CAN_HandleTypeDef *hcan, CAN_TxHeaderTypeDef *pHeader, uint8_t aData[], uint32_t *pTxMailbox);
                   ^~~~~~~~~~~~~~~~~~~~
../Core/Src/main.c: In function 'main':
../Core/Src/main.c:208:12: warning: passing argument 1 of 'CAN_RX' from incompatible pointer type [-Wincompatible-pointer-types]
     CAN_RX(&RX_ID, &RX_DLC, DATA_RX);
            ^
../Core/Src/main.c:122:6: note: expected 'uint32_t * {aka long unsigned int *}' but argument is of type 'uint16_t * {aka short unsigned int *}'
 void CAN_RX(uint32_t* ID ,uint8_t* DLC , uint8_t* PAYLOAD){
      ^~~~~~
../Core/Src/main.c:208:20: warning: passing argument 2 of 'CAN_RX' from incompatible pointer type [-Wincompatible-pointer-types]
     CAN_RX(&RX_ID, &RX_DLC, DATA_RX);
                    ^
../Core/Src/main.c:122:6: note: expected 'uint8_t * {aka unsigned char *}' but argument is of type 'uint16_t * {aka short unsigned int *}'
 void CAN_RX(uint32_t* ID ,uint8_t* DLC , uint8_t* PAYLOAD){
      ^~~~~~
arm-none-eabi-gcc -o "CASE_STUDY.elf" @"objects.list"   -mcpu=cortex-m3 -T"D:\embeded_system_diploma\CAN PROTOCOL\CASE STUDY 1\CODES\CASE_STUDY\STM32F103C6TX_FLASH.ld" --specs=nosys.specs -Wl,-Map="CASE_STUDY.map" -Wl,--gc-sections -static --specs=nano.specs -mfloat-abi=soft -mthumb -Wl,--start-group -lc -lm -Wl,--end-group
Finished building target: CASE_STUDY.elf
 
arm-none-eabi-objdump -h -S  CASE_STUDY.elf  > "CASE_STUDY.list"
arm-none-eabi-objcopy  -O binary  CASE_STUDY.elf  "CASE_STUDY.bin"
arm-none-eabi-size   CASE_STUDY.elf 
   text	   data	    bss	    dec	    hex	filename
   7208	     20	   1612	   8840	   2288	CASE_STUDY.elf
Finished building: default.size.stdout
 
Finished building: CASE_STUDY.bin
 
Finished building: CASE_STUDY.list
 
15:33:04 **** Incremental Build of configuration Debug for project CASE_STUDY ****
make -j8 all 
arm-none-eabi-gcc "../Core/Src/main.c" -mcpu=cortex-m3 -std=gnu11 -g3 -DUSE_HAL_DRIVER -DSTM32F103x6 -DDEBUG -c -I../Core/Inc -I../Drivers/STM32F1xx_HAL_Driver/Inc -I../Drivers/STM32F1xx_HAL_Driver/Inc/Legacy -I../Drivers/CMSIS/Device/ST/STM32F1xx/Include -I../Drivers/CMSIS/Include -O0 -ffunction-sections -fdata-sections -Wall -fstack-usage -MMD -MP -MF"Core/Src/main.d" -MT"Core/Src/main.o" --specs=nano.specs -mfloat-abi=soft -mthumb -o "Core/Src/main.o"
../Core/Src/main.c: In function 'CAN_TX':
../Core/Src/main.c:82:53: warning: passing argument 4 of 'HAL_CAN_AddTxMessage' from incompatible pointer type [-Wincompatible-pointer-types]
  if( HAL_CAN_AddTxMessage(&hcan, &pHeader, PAYLOAD, &pTxMailbox) != HAL_OK){
                                                     ^
In file included from ../Core/Inc/stm32f1xx_hal_conf.h:257:0,
                 from ../Drivers/STM32F1xx_HAL_Driver/Inc/stm32f1xx_hal.h:30,
                 from ../Core/Inc/main.h:31,
                 from ../Core/Src/main.c:21:
../Drivers/STM32F1xx_HAL_Driver/Inc/stm32f1xx_hal_can.h:679:19: note: expected 'uint32_t * {aka long unsigned int *}' but argument is of type 'uint8_t * {aka unsigned char *}'
 HAL_StatusTypeDef HAL_CAN_AddTxMessage(CAN_HandleTypeDef *hcan, CAN_TxHeaderTypeDef *pHeader, uint8_t aData[], uint32_t *pTxMailbox);
                   ^~~~~~~~~~~~~~~~~~~~
../Core/Src/main.c: In function 'main':
../Core/Src/main.c:208:12: warning: passing argument 1 of 'CAN_RX' from incompatible pointer type [-Wincompatible-pointer-types]
     CAN_RX(&RX_ID, &RX_DLC, DATA_RX);
            ^
../Core/Src/main.c:122:6: note: expected 'uint32_t * {aka long unsigned int *}' but argument is of type 'uint16_t * {aka short unsigned int *}'
 void CAN_RX(uint32_t* ID ,uint8_t* DLC , uint8_t* PAYLOAD){
      ^~~~~~
../Core/Src/main.c:208:20: warning: passing argument 2 of 'CAN_RX' from incompatible pointer type [-Wincompatible-pointer-types]
     CAN_RX(&RX_ID, &RX_DLC, DATA_RX);
                    ^
../Core/Src/main.c:122:6: note: expected 'uint8_t * {aka unsigned char *}' but argument is of type 'uint16_t * {aka short unsigned int *}'
 void CAN_RX(uint32_t* ID ,uint8_t* DLC , uint8_t* PAYLOAD){
      ^~~~~~
arm-none-eabi-gcc -o "CASE_STUDY.elf" @"objects.list"   -mcpu=cortex-m3 -T"D:\embeded_system_diploma\CAN PROTOCOL\CASE STUDY 1\CODES\CASE_STUDY\STM32F103C6TX_FLASH.ld" --specs=nosys.specs -Wl,-Map="CASE_STUDY.map" -Wl,--gc-sections -static --specs=nano.specs -mfloat-abi=soft -mthumb -Wl,--start-group -lc -lm -Wl,--end-group
Finished building target: CASE_STUDY.elf
 
arm-none-eabi-objdump -h -S  CASE_STUDY.elf  > "CASE_STUDY.list"
arm-none-eabi-objcopy  -O binary  CASE_STUDY.elf  "CASE_STUDY.bin"
arm-none-eabi-size   CASE_STUDY.elf 
   text	   data	    bss	    dec	    hex	filename
   7208	     20	   1612	   8840	   2288	CASE_STUDY.elf
Finished building: default.size.stdout
 
Finished building: CASE_STUDY.bin
 
Finished building: CASE_STUDY.list
 
