Archive member included to satisfy reference by file (symbol)

c:/st/stm32cubeide_1.4.0/stm32cubeide/plugins/com.st.stm32cube.ide.mcu.externaltools.gnu-tools-for-stm32.7-2018-q2-update.win32_1.4.0.202007081208/tools/bin/../lib/gcc/arm-none-eabi/7.3.1/../../../../arm-none-eabi/lib/thumb/v7-m\libc_nano.a(lib_a-errno.o)
                              Src/syscalls.o (__errno)
c:/st/stm32cubeide_1.4.0/stm32cubeide/plugins/com.st.stm32cube.ide.mcu.externaltools.gnu-tools-for-stm32.7-2018-q2-update.win32_1.4.0.202007081208/tools/bin/../lib/gcc/arm-none-eabi/7.3.1/../../../../arm-none-eabi/lib/thumb/v7-m\libc_nano.a(lib_a-exit.o)
                              c:/st/stm32cubeide_1.4.0/stm32cubeide/plugins/com.st.stm32cube.ide.mcu.externaltools.gnu-tools-for-stm32.7-2018-q2-update.win32_1.4.0.202007081208/tools/bin/../lib/gcc/arm-none-eabi/7.3.1/../../../../arm-none-eabi/lib/thumb/v7-m/crt0.o (exit)
c:/st/stm32cubeide_1.4.0/stm32cubeide/plugins/com.st.stm32cube.ide.mcu.externaltools.gnu-tools-for-stm32.7-2018-q2-update.win32_1.4.0.202007081208/tools/bin/../lib/gcc/arm-none-eabi/7.3.1/../../../../arm-none-eabi/lib/thumb/v7-m\libc_nano.a(lib_a-impure.o)
                              c:/st/stm32cubeide_1.4.0/stm32cubeide/plugins/com.st.stm32cube.ide.mcu.externaltools.gnu-tools-for-stm32.7-2018-q2-update.win32_1.4.0.202007081208/tools/bin/../lib/gcc/arm-none-eabi/7.3.1/../../../../arm-none-eabi/lib/thumb/v7-m\libc_nano.a(lib_a-exit.o) (_global_impure_ptr)
c:/st/stm32cubeide_1.4.0/stm32cubeide/plugins/com.st.stm32cube.ide.mcu.externaltools.gnu-tools-for-stm32.7-2018-q2-update.win32_1.4.0.202007081208/tools/bin/../lib/gcc/arm-none-eabi/7.3.1/../../../../arm-none-eabi/lib/thumb/v7-m\libc_nano.a(lib_a-init.o)
                              c:/st/stm32cubeide_1.4.0/stm32cubeide/plugins/com.st.stm32cube.ide.mcu.externaltools.gnu-tools-for-stm32.7-2018-q2-update.win32_1.4.0.202007081208/tools/bin/../lib/gcc/arm-none-eabi/7.3.1/../../../../arm-none-eabi/lib/thumb/v7-m/crt0.o (__libc_init_array)
c:/st/stm32cubeide_1.4.0/stm32cubeide/plugins/com.st.stm32cube.ide.mcu.externaltools.gnu-tools-for-stm32.7-2018-q2-update.win32_1.4.0.202007081208/tools/bin/../lib/gcc/arm-none-eabi/7.3.1/../../../../arm-none-eabi/lib/thumb/v7-m\libc_nano.a(lib_a-memset.o)
                              c:/st/stm32cubeide_1.4.0/stm32cubeide/plugins/com.st.stm32cube.ide.mcu.externaltools.gnu-tools-for-stm32.7-2018-q2-update.win32_1.4.0.202007081208/tools/bin/../lib/gcc/arm-none-eabi/7.3.1/../../../../arm-none-eabi/lib/thumb/v7-m/crt0.o (memset)

Allocating common symbols
Common symbol       size              file

DATA                0x1               Src/main.o
GP_IRQ_CALLBACK     0x3c              STM32F103C6_DRIVERS/STM32F103C6_EXTI_DRIVER.o
PINCFG              0x4               HAL/Includes/lcd.o

Discarded input sections

 .text          0x0000000000000000        0x0 c:/st/stm32cubeide_1.4.0/stm32cubeide/plugins/com.st.stm32cube.ide.mcu.externaltools.gnu-tools-for-stm32.7-2018-q2-update.win32_1.4.0.202007081208/tools/bin/../lib/gcc/arm-none-eabi/7.3.1/thumb/v7-m/crti.o
 .data          0x0000000000000000        0x0 c:/st/stm32cubeide_1.4.0/stm32cubeide/plugins/com.st.stm32cube.ide.mcu.externaltools.gnu-tools-for-stm32.7-2018-q2-update.win32_1.4.0.202007081208/tools/bin/../lib/gcc/arm-none-eabi/7.3.1/thumb/v7-m/crti.o
 .bss           0x0000000000000000        0x0 c:/st/stm32cubeide_1.4.0/stm32cubeide/plugins/com.st.stm32cube.ide.mcu.externaltools.gnu-tools-for-stm32.7-2018-q2-update.win32_1.4.0.202007081208/tools/bin/../lib/gcc/arm-none-eabi/7.3.1/thumb/v7-m/crti.o
 .data          0x0000000000000000        0x4 c:/st/stm32cubeide_1.4.0/stm32cubeide/plugins/com.st.stm32cube.ide.mcu.externaltools.gnu-tools-for-stm32.7-2018-q2-update.win32_1.4.0.202007081208/tools/bin/../lib/gcc/arm-none-eabi/7.3.1/thumb/v7-m/crtbegin.o
 .text          0x0000000000000000       0x74 c:/st/stm32cubeide_1.4.0/stm32cubeide/plugins/com.st.stm32cube.ide.mcu.externaltools.gnu-tools-for-stm32.7-2018-q2-update.win32_1.4.0.202007081208/tools/bin/../lib/gcc/arm-none-eabi/7.3.1/../../../../arm-none-eabi/lib/thumb/v7-m/crt0.o
 .data          0x0000000000000000        0x0 c:/st/stm32cubeide_1.4.0/stm32cubeide/plugins/com.st.stm32cube.ide.mcu.externaltools.gnu-tools-for-stm32.7-2018-q2-update.win32_1.4.0.202007081208/tools/bin/../lib/gcc/arm-none-eabi/7.3.1/../../../../arm-none-eabi/lib/thumb/v7-m/crt0.o
 .bss           0x0000000000000000        0x0 c:/st/stm32cubeide_1.4.0/stm32cubeide/plugins/com.st.stm32cube.ide.mcu.externaltools.gnu-tools-for-stm32.7-2018-q2-update.win32_1.4.0.202007081208/tools/bin/../lib/gcc/arm-none-eabi/7.3.1/../../../../arm-none-eabi/lib/thumb/v7-m/crt0.o
 .ARM.extab     0x0000000000000000        0x0 c:/st/stm32cubeide_1.4.0/stm32cubeide/plugins/com.st.stm32cube.ide.mcu.externaltools.gnu-tools-for-stm32.7-2018-q2-update.win32_1.4.0.202007081208/tools/bin/../lib/gcc/arm-none-eabi/7.3.1/../../../../arm-none-eabi/lib/thumb/v7-m/crt0.o
[...]
Memory Configuration

Name             Origin             Length             Attributes
RAM              0x0000000020000000 0x0000000000002800 xrw
ROM              0x0000000008000000 0x0000000000008000 xr
*default*        0x0000000000000000 0xffffffffffffffff

Linker script and memory map

LOAD c:/st/stm32cubeide_1.4.0/stm32cubeide/plugins/com.st.stm32cube.ide.mcu.externaltools.gnu-tools-for-stm32.7-2018-q2-update.win32_1.4.0.202007081208/tools/bin/../lib/gcc/arm-none-eabi/7.3.1/thumb/v7-m/crti.o
LOAD c:/st/stm32cubeide_1.4.0/stm32cubeide/plugins/com.st.stm32cube.ide.mcu.externaltools.gnu-tools-for-stm32.7-2018-q2-update.win32_1.4.0.202007081208/tools/bin/../lib/gcc/arm-none-eabi/7.3.1/thumb/v7-m/crtbegin.o
LOAD c:/st/stm32cubeide_1.4.0/stm32cubeide/plugins/com.st.stm32cube.ide.mcu.externaltools.gnu-tools-for-stm32.7-2018-q2-update.win32_1.4.0.202007081208/tools/bin/../lib/gcc/arm-none-eabi/7.3.1/../../../../arm-none-eabi/lib/thumb/v7-m/crt0.o
LOAD HAL/Includes/EEPROM.o
LOAD HAL/Includes/keypad.o
LOAD HAL/Includes/lcd.o
LOAD STM32F103C6_DRIVERS/STM32F103C6_EXTI_DRIVER.o
LOAD STM32F103C6_DRIVERS/STM32F103C6_GPIO_DRIVER.o
LOAD STM32F103C6_DRIVERS/STM32F103C6_I2C_DRIVER.o
LOAD STM32F103C6_DRIVERS/STM32F103C6_RCC_DRIVER.o
LOAD STM32F103C6_DRIVERS/STM32F103C6_SPI_DRIVER.o
LOAD STM32F103C6_DRIVERS/STM32F103C6_USART_DRIVER.o
LOAD Src/main.o
LOAD Src/syscalls.o
LOAD Src/sysmem.o
LOAD Startup/startup_stm32f103c6tx.o
START GROUP
LOAD c:/st/stm32cubeide_1.4.0/stm32cubeide/plugins/com.st.stm32cube.ide.mcu.externaltools.gnu-tools-for-stm32.7-2018-q2-update.win32_1.4.0.202007081208/tools/bin/../lib/gcc/arm-none-eabi/7.3.1/../../../../arm-none-eabi/lib/thumb/v7-m\libc_nano.a
LOAD c:/st/stm32cubeide_1.4.0/stm32cubeide/plugins/com.st.stm32cube.ide.mcu.externaltools.gnu-tools-for-stm32.7-2018-q2-update.win32_1.4.0.202007081208/tools/bin/../lib/gcc/arm-none-eabi/7.3.1/../../../../arm-none-eabi/lib/thumb/v7-m\libm.a
END GROUP
START GROUP
LOAD c:/st/stm32cubeide_1.4.0/stm32cubeide/plugins/com.st.stm32cube.ide.mcu.externaltools.gnu-tools-for-stm32.7-2018-q2-update.win32_1.4.0.202007081208/tools/bin/../lib/gcc/arm-none-eabi/7.3.1/thumb/v7-m\libgcc.a
LOAD c:/st/stm32cubeide_1.4.0/stm32cubeide/plugins/com.st.stm32cube.ide.mcu.externaltools.gnu-tools-for-stm32.7-2018-q2-update.win32_1.4.0.202007081208/tools/bin/../lib/gcc/arm-none-eabi/7.3.1/../../../../arm-none-eabi/lib/thumb/v7-m\libg_nano.a
LOAD c:/st/stm32cubeide_1.4.0/stm32cubeide/plugins/com.st.stm32cube.ide.mcu.externaltools.gnu-tools-for-stm32.7-2018-q2-update.win32_1.4.0.202007081208/tools/bin/../lib/gcc/arm-none-eabi/7.3.1/../../../../arm-none-eabi/lib/thumb/v7-m\libc_nano.a
END GROUP
START GROUP
LOAD c:/st/stm32cubeide_1.4.0/stm32cubeide/plugins/com.st.stm32cube.ide.mcu.externaltools.gnu-tools-for-stm32.7-2018-q2-update.win32_1.4.0.202007081208/tools/bin/../lib/gcc/arm-none-eabi/7.3.1/thumb/v7-m\libgcc.a
LOAD c:/st/stm32cubeide_1.4.0/stm32cubeide/plugins/com.st.stm32cube.ide.mcu.externaltools.gnu-tools-for-stm32.7-2018-q2-update.win32_1.4.0.202007081208/tools/bin/../lib/gcc/arm-none-eabi/7.3.1/../../../../arm-none-eabi/lib/thumb/v7-m\libc_nano.a
LOAD c:/st/stm32cubeide_1.4.0/stm32cubeide/plugins/com.st.stm32cube.ide.mcu.externaltools.gnu-tools-for-stm32.7-2018-q2-update.win32_1.4.0.202007081208/tools/bin/../lib/gcc/arm-none-eabi/7.3.1/../../../../arm-none-eabi/lib/thumb/v7-m\libnosys.a
END GROUP
START GROUP
LOAD c:/st/stm32cubeide_1.4.0/stm32cubeide/plugins/com.st.stm32cube.ide.mcu.externaltools.gnu-tools-for-stm32.7-2018-q2-update.win32_1.4.0.202007081208/tools/bin/../lib/gcc/arm-none-eabi/7.3.1/thumb/v7-m\libgcc.a
LOAD c:/st/stm32cubeide_1.4.0/stm32cubeide/plugins/com.st.stm32cube.ide.mcu.externaltools.gnu-tools-for-stm32.7-2018-q2-update.win32_1.4.0.202007081208/tools/bin/../lib/gcc/arm-none-eabi/7.3.1/../../../../arm-none-eabi/lib/thumb/v7-m\libc_nano.a
LOAD c:/st/stm32cubeide_1.4.0/stm32cubeide/plugins/com.st.stm32cube.ide.mcu.externaltools.gnu-tools-for-stm32.7-2018-q2-update.win32_1.4.0.202007081208/tools/bin/../lib/gcc/arm-none-eabi/7.3.1/../../../../arm-none-eabi/lib/thumb/v7-m\libnosys.a
END GROUP
LOAD c:/st/stm32cubeide_1.4.0/stm32cubeide/plugins/com.st.stm32cube.ide.mcu.externaltools.gnu-tools-for-stm32.7-2018-q2-update.win32_1.4.0.202007081208/tools/bin/../lib/gcc/arm-none-eabi/7.3.1/thumb/v7-m/crtend.o
LOAD c:/st/stm32cubeide_1.4.0/stm32cubeide/plugins/com.st.stm32cube.ide.mcu.externaltools.gnu-tools-for-stm32.7-2018-q2-update.win32_1.4.0.202007081208/tools/bin/../lib/gcc/arm-none-eabi/7.3.1/thumb/v7-m/crtn.o
                0x0000000020002800                _estack = (ORIGIN (RAM) + LENGTH (RAM))
                0x0000000000000200                _Min_Heap_Size = 0x200
                0x0000000000000400                _Min_Stack_Size = 0x400

.isr_vector     0x0000000008000000      0x130
                0x0000000008000000                . = ALIGN (0x4)
 *(.isr_vector)
 .isr_vector    0x0000000008000000      0x130 Startup/startup_stm32f103c6tx.o
                0x0000000008000000                g_pfnVectors
                0x0000000008000130                . = ALIGN (0x4)

.text           0x0000000008000130      0xd98
                0x0000000008000130                . = ALIGN (0x4)
 *(.text)
 .text          0x0000000008000130       0x40 c:/st/stm32cubeide_1.4.0/stm32cubeide/plugins/com.st.stm32cube.ide.mcu.externaltools.gnu-tools-for-stm32.7-2018-q2-update.win32_1.4.0.202007081208/tools/bin/../lib/gcc/arm-none-eabi/7.3.1/thumb/v7-m/crtbegin.o
 *(.text*)
 .text.EEPROM_INIT
                0x0000000008000170       0x38 HAL/Includes/EEPROM.o
                0x0000000008000170                EEPROM_INIT
 .text.EEPROM_WRITE_DATA
                0x00000000080001a8       0xa4 HAL/Includes/EEPROM.o
                0x00000000080001a8                EEPROM_WRITE_DATA
 .text.EEPROM_READ_DATA
                0x000000000800024c       0x58 HAL/Includes/EEPROM.o
                0x000000000800024c                EEPROM_READ_DATA
 .text.EXTI0_IRQHandler
                0x00000000080002a4       0x1c STM32F103C6_DRIVERS/STM32F103C6_EXTI_DRIVER.o
                0x00000000080002a4                EXTI0_IRQHandler
 .text.EXTI1_IRQHandler
                0x00000000080002c0       0x24 STM32F103C6_DRIVERS/STM32F103C6_EXTI_DRIVER.o
                0x00000000080002c0                EXTI1_IRQHandler
 .text.EXTI2_IRQHandler
                0x00000000080002e4       0x24 STM32F103C6_DRIVERS/STM32F103C6_EXTI_DRIVER.o
                0x00000000080002e4                EXTI2_IRQHandler
 .text.EXTI3_IRQHandler
                0x0000000008000308       0x24 STM32F103C6_DRIVERS/STM32F103C6_EXTI_DRIVER.o
                0x0000000008000308                EXTI3_IRQHandler
 .text.EXTI4_IRQHandler
                0x000000000800032c       0x24 STM32F103C6_DRIVERS/STM32F103C6_EXTI_DRIVER.o
                0x000000000800032c                EXTI4_IRQHandler
 .text.EXTI9_5_IRQHandler
                0x0000000008000350       0xa8 STM32F103C6_DRIVERS/STM32F103C6_EXTI_DRIVER.o
                0x0000000008000350                EXTI9_5_IRQHandler
 .text.EXTI15_10_IRQHandler
                0x00000000080003f8       0xc4 STM32F103C6_DRIVERS/STM32F103C6_EXTI_DRIVER.o
                0x00000000080003f8                EXTI15_10_IRQHandler
 .text.GET_CRLH_POSITION
                0x00000000080004bc       0xc6 STM32F103C6_DRIVERS/STM32F103C6_GPIO_DRIVER.o
                0x00000000080004bc                GET_CRLH_POSITION
 .text.MCAL_GPIO_INIT
                0x0000000008000582       0xfe STM32F103C6_DRIVERS/STM32F103C6_GPIO_DRIVER.o
                0x0000000008000582                MCAL_GPIO_INIT
 .text.MCAL_I2C_INIT
                0x0000000008000680      0x224 STM32F103C6_DRIVERS/STM32F103C6_I2C_DRIVER.o
                0x0000000008000680                MCAL_I2C_INIT
 .text.MCAL_I2C_GPIO_SETPIN
                0x00000000080008a4       0x88 STM32F103C6_DRIVERS/STM32F103C6_I2C_DRIVER.o
                0x00000000080008a4                MCAL_I2C_GPIO_SETPIN
 .text.MCAL_I2C_MASTER_TX
                0x000000000800092c       0xb0 STM32F103C6_DRIVERS/STM32F103C6_I2C_DRIVER.o
                0x000000000800092c                MCAL_I2C_MASTER_TX
 .text.I2C_SEND_ADDRESS
                0x00000000080009dc       0x3e STM32F103C6_DRIVERS/STM32F103C6_I2C_DRIVER.o
                0x00000000080009dc                I2C_SEND_ADDRESS
 .text.I2C_GENERATE_STOP
                0x0000000008000a1a       0x1e STM32F103C6_DRIVERS/STM32F103C6_I2C_DRIVER.o
                0x0000000008000a1a                I2C_GENERATE_STOP
 .text.MCAL_I2C_MASTER_RX
                0x0000000008000a38       0xa8 STM32F103C6_DRIVERS/STM32F103C6_I2C_DRIVER.o
                0x0000000008000a38                MCAL_I2C_MASTER_RX
 .text.I2C_GENERATE_START
                0x0000000008000ae0       0x36 STM32F103C6_DRIVERS/STM32F103C6_I2C_DRIVER.o
                0x0000000008000ae0                I2C_GENERATE_START
 *fill*         0x0000000008000b16        0x2 
 .text.I2C_GET_FLAG_STATUS
                0x0000000008000b18       0xcc STM32F103C6_DRIVERS/STM32F103C6_I2C_DRIVER.o
                0x0000000008000b18                I2C_GET_FLAG_STATUS
 .text.MCAL_RCC_SYSCLCK_GETFREQ
                0x0000000008000be4       0x3c STM32F103C6_DRIVERS/STM32F103C6_RCC_DRIVER.o
                0x0000000008000be4                MCAL_RCC_SYSCLCK_GETFREQ
 .text.MCAL_RCC_HCLCK_GETFREQ
                0x0000000008000c20       0x28 STM32F103C6_DRIVERS/STM32F103C6_RCC_DRIVER.o
                0x0000000008000c20                MCAL_RCC_HCLCK_GETFREQ
 .text.MCAL_RCC_PCLCK1_GETFREQ
                0x0000000008000c48       0x28 STM32F103C6_DRIVERS/STM32F103C6_RCC_DRIVER.o
                0x0000000008000c48                MCAL_RCC_PCLCK1_GETFREQ
 .text.SPI1_IRQHandler
                0x0000000008000c70       0x5c STM32F103C6_DRIVERS/STM32F103C6_SPI_DRIVER.o
                0x0000000008000c70                SPI1_IRQHandler
 .text.SPI2_IRQHandler
                0x0000000008000ccc       0x5c STM32F103C6_DRIVERS/STM32F103C6_SPI_DRIVER.o
                0x0000000008000ccc                SPI2_IRQHandler
 .text.USART1_IRQHandler
                0x0000000008000d28       0x14 STM32F103C6_DRIVERS/STM32F103C6_USART_DRIVER.o
                0x0000000008000d28                USART1_IRQHandler
 .text.USART2_IRQHandler
                0x0000000008000d3c       0x14 STM32F103C6_DRIVERS/STM32F103C6_USART_DRIVER.o
                0x0000000008000d3c                USART2_IRQHandler
 .text.USART3_IRQHandler
                0x0000000008000d50       0x14 STM32F103C6_DRIVERS/STM32F103C6_USART_DRIVER.o
                0x0000000008000d50                USART3_IRQHandler
 .text.Clock_init
                0x0000000008000d64       0x34 Src/main.o
                0x0000000008000d64                Clock_init
 .text.main     0x0000000008000d98       0x7c Src/main.o
                0x0000000008000d98                main
 .text.Reset_Handler
                0x0000000008000e14       0x50 Startup/startup_stm32f103c6tx.o
                0x0000000008000e14                Reset_Handler
 .text.Default_Handler
                0x0000000008000e64        0x2 Startup/startup_stm32f103c6tx.o
                0x0000000008000e64                TIM8_TRG_COM_IRQHandler
                0x0000000008000e64                TIM8_CC_IRQHandler
                0x0000000008000e64                DebugMon_Handler
                0x0000000008000e64                TIM1_CC_IRQHandler
                0x0000000008000e64                HardFault_Handler
                0x0000000008000e64                TIM6_IRQHandler
                0x0000000008000e64                SysTick_Handler
                0x0000000008000e64                PVD_IRQHandler
                0x0000000008000e64                SDIO_IRQHandler
                0x0000000008000e64                PendSV_Handler
                0x0000000008000e64                NMI_Handler
                0x0000000008000e64                USB_HP_CAN_TX_IRQHandler
                0x0000000008000e64                I2C2_EV_IRQHandler
                0x0000000008000e64                UsageFault_Handler
                0x0000000008000e64                ADC1_2_IRQHandler
                0x0000000008000e64                CAN_SCE_IRQHandler
                0x0000000008000e64                TAMPER_IRQHandler
                0x0000000008000e64                TIM8_UP_IRQHandler
                0x0000000008000e64                DMA2_Channel2_IRQHandler
                0x0000000008000e64                DMA1_Channel4_IRQHandler
                0x0000000008000e64                RTC_IRQHandler
                0x0000000008000e64                DMA1_Channel7_IRQHandler
                0x0000000008000e64                UART5_IRQHandler
                0x0000000008000e64                ADC3_IRQHandler
                0x0000000008000e64                TIM4_IRQHandler
                0x0000000008000e64                CAN_RX1_IRQHandler
                0x0000000008000e64                DMA2_Channel1_IRQHandler
                0x0000000008000e64                I2C1_EV_IRQHandler
                0x0000000008000e64                DMA1_Channel6_IRQHandler
                0x0000000008000e64                UART4_IRQHandler
                0x0000000008000e64                TIM3_IRQHandler
                0x0000000008000e64                RCC_IRQHandler
                0x0000000008000e64                TIM1_TRG_COM_IRQHandler
                0x0000000008000e64                DMA1_Channel1_IRQHandler
                0x0000000008000e64                Default_Handler
                0x0000000008000e64                TIM7_IRQHandler
                0x0000000008000e64                TIM5_IRQHandler
                0x0000000008000e64                USB_LP_CAN_RX0_IRQHandler
                0x0000000008000e64                MemManage_Handler
                0x0000000008000e64                SVC_Handler
                0x0000000008000e64                DMA1_Channel5_IRQHandler
                0x0000000008000e64                DMA1_Channel3_IRQHandler
                0x0000000008000e64                FSMC_IRQHandler
                0x0000000008000e64                TIM1_UP_IRQHandler
                0x0000000008000e64                WWDG_IRQHandler
                0x0000000008000e64                TIM2_IRQHandler
                0x0000000008000e64                TIM1_BRK_IRQHandler
                0x0000000008000e64                RTCAlarm_IRQHandler
                0x0000000008000e64                DMA2_Channel4_5_IRQHandler
                0x0000000008000e64                I2C2_ER_IRQHandler
                0x0000000008000e64                DMA1_Channel2_IRQHandler
                0x0000000008000e64                TIM8_BRK_IRQHandler
                0x0000000008000e64                FLASH_IRQHandler
                0x0000000008000e64                BusFault_Handler
                0x0000000008000e64                SPI3_IRQHandler
                0x0000000008000e64                I2C1_ER_IRQHandler
                0x0000000008000e64                DMA2_Channel3_IRQHandler
 *fill*         0x0000000008000e66        0x2 
 .text.__libc_init_array
                0x0000000008000e68       0x48 c:/st/stm32cubeide_1.4.0/stm32cubeide/plugins/com.st.stm32cube.ide.mcu.externaltools.gnu-tools-for-stm32.7-2018-q2-update.win32_1.4.0.202007081208/tools/bin/../lib/gcc/arm-none-eabi/7.3.1/../../../../arm-none-eabi/lib/thumb/v7-m\libc_nano.a(lib_a-init.o)
                0x0000000008000e68                __libc_init_array
 *(.glue_7)
 .glue_7        0x0000000008000eb0        0x0 linker stubs
 *(.glue_7t)
 .glue_7t       0x0000000008000eb0        0x0 linker stubs
 *(.eh_frame)
 .eh_frame      0x0000000008000eb0        0x0 c:/st/stm32cubeide_1.4.0/stm32cubeide/plugins/com.st.stm32cube.ide.mcu.externaltools.gnu-tools-for-stm32.7-2018-q2-update.win32_1.4.0.202007081208/tools/bin/../lib/gcc/arm-none-eabi/7.3.1/thumb/v7-m/crtbegin.o
 *(.init)
 .init          0x0000000008000eb0        0x4 c:/st/stm32cubeide_1.4.0/stm32cubeide/plugins/com.st.stm32cube.ide.mcu.externaltools.gnu-tools-for-stm32.7-2018-q2-update.win32_1.4.0.202007081208/tools/bin/../lib/gcc/arm-none-eabi/7.3.1/thumb/v7-m/crti.o
                0x0000000008000eb0                _init
 .init          0x0000000008000eb4        0x8 c:/st/stm32cubeide_1.4.0/stm32cubeide/plugins/com.st.stm32cube.ide.mcu.externaltools.gnu-tools-for-stm32.7-2018-q2-update.win32_1.4.0.202007081208/tools/bin/../lib/gcc/arm-none-eabi/7.3.1/thumb/v7-m/crtn.o
 *(.fini)
 .fini          0x0000000008000ebc        0x4 c:/st/stm32cubeide_1.4.0/stm32cubeide/plugins/com.st.stm32cube.ide.mcu.externaltools.gnu-tools-for-stm32.7-2018-q2-update.win32_1.4.0.202007081208/tools/bin/../lib/gcc/arm-none-eabi/7.3.1/thumb/v7-m/crti.o
                0x0000000008000ebc                _fini
 .fini          0x0000000008000ec0        0x8 c:/st/stm32cubeide_1.4.0/stm32cubeide/plugins/com.st.stm32cube.ide.mcu.externaltools.gnu-tools-for-stm32.7-2018-q2-update.win32_1.4.0.202007081208/tools/bin/../lib/gcc/arm-none-eabi/7.3.1/thumb/v7-m/crtn.o
                0x0000000008000ec8                . = ALIGN (0x4)
                0x0000000008000ec8                _etext = .

.vfp11_veneer   0x0000000008000ec8        0x0
 .vfp11_veneer  0x0000000008000ec8        0x0 linker stubs

.v4_bx          0x0000000008000ec8        0x0
 .v4_bx         0x0000000008000ec8        0x0 linker stubs

.iplt           0x0000000008000ec8        0x0
 .iplt          0x0000000008000ec8        0x0 c:/st/stm32cubeide_1.4.0/stm32cubeide/plugins/com.st.stm32cube.ide.mcu.externaltools.gnu-tools-for-stm32.7-2018-q2-update.win32_1.4.0.202007081208/tools/bin/../lib/gcc/arm-none-eabi/7.3.1/thumb/v7-m/crtbegin.o

.rodata         0x0000000008000ec8       0x24
                0x0000000008000ec8                . = ALIGN (0x4)
 *(.rodata)
 .rodata        0x0000000008000ec8        0x7 Src/main.o
 *(.rodata*)
 *fill*         0x0000000008000ecf        0x1 
 .rodata.APBPRESC_TABLE
                0x0000000008000ed0        0x8 STM32F103C6_DRIVERS/STM32F103C6_RCC_DRIVER.o
                0x0000000008000ed0                APBPRESC_TABLE
 .rodata.AHBPRESC_TABLE
                0x0000000008000ed8       0x11 STM32F103C6_DRIVERS/STM32F103C6_RCC_DRIVER.o
                0x0000000008000ed8                AHBPRESC_TABLE
                0x0000000008000eec                . = ALIGN (0x4)
 *fill*         0x0000000008000ee9        0x3 

.rel.dyn        0x0000000008000eec        0x0
 .rel.iplt      0x0000000008000eec        0x0 c:/st/stm32cubeide_1.4.0/stm32cubeide/plugins/com.st.stm32cube.ide.mcu.externaltools.gnu-tools-for-stm32.7-2018-q2-update.win32_1.4.0.202007081208/tools/bin/../lib/gcc/arm-none-eabi/7.3.1/thumb/v7-m/crtbegin.o

.ARM.extab      0x0000000008000eec        0x0
                0x0000000008000eec                . = ALIGN (0x4)
 *(.ARM.extab* .gnu.linkonce.armextab.*)
                0x0000000008000eec                . = ALIGN (0x4)

.ARM            0x0000000008000eec        0x0
                0x0000000008000eec                . = ALIGN (0x4)
                0x0000000008000eec                __exidx_start = .
 *(.ARM.exidx*)
                0x0000000008000eec                __exidx_end = .
                0x0000000008000eec                . = ALIGN (0x4)

.preinit_array  0x0000000008000eec        0x0
                0x0000000008000eec                . = ALIGN (0x4)
                0x0000000008000eec                PROVIDE (__preinit_array_start = .)
 *(.preinit_array*)
                0x0000000008000eec                PROVIDE (__preinit_array_end = .)
                0x0000000008000eec                . = ALIGN (0x4)

.init_array     0x0000000008000eec        0x4
                0x0000000008000eec                . = ALIGN (0x4)
                0x0000000008000eec                PROVIDE (__init_array_start = .)
 *(SORT_BY_NAME(.init_array.*))
 *(.init_array*)
 .init_array    0x0000000008000eec        0x4 c:/st/stm32cubeide_1.4.0/stm32cubeide/plugins/com.st.stm32cube.ide.mcu.externaltools.gnu-tools-for-stm32.7-2018-q2-update.win32_1.4.0.202007081208/tools/bin/../lib/gcc/arm-none-eabi/7.3.1/thumb/v7-m/crtbegin.o
                0x0000000008000ef0                PROVIDE (__init_array_end = .)
                0x0000000008000ef0                . = ALIGN (0x4)

.fini_array     0x0000000008000ef0        0x4
                0x0000000008000ef0                . = ALIGN (0x4)
                [!provide]                        PROVIDE (__fini_array_start = .)
 *(SORT_BY_NAME(.fini_array.*))
 *(.fini_array*)
 .fini_array    0x0000000008000ef0        0x4 c:/st/stm32cubeide_1.4.0/stm32cubeide/plugins/com.st.stm32cube.ide.mcu.externaltools.gnu-tools-for-stm32.7-2018-q2-update.win32_1.4.0.202007081208/tools/bin/../lib/gcc/arm-none-eabi/7.3.1/thumb/v7-m/crtbegin.o
                [!provide]                        PROVIDE (__fini_array_end = .)
                0x0000000008000ef4                . = ALIGN (0x4)
                0x0000000008000ef4                _sidata = LOADADDR (.data)

.data           0x0000000020000000        0x0 load address 0x0000000008000ef4
                0x0000000020000000                . = ALIGN (0x4)
                0x0000000020000000                _sdata = .
 *(.data)
 *(.data*)
                0x0000000020000000                . = ALIGN (0x4)
                0x0000000020000000                _edata = .

.igot.plt       0x0000000020000000        0x0 load address 0x0000000008000ef4
 .igot.plt      0x0000000020000000        0x0 c:/st/stm32cubeide_1.4.0/stm32cubeide/plugins/com.st.stm32cube.ide.mcu.externaltools.gnu-tools-for-stm32.7-2018-q2-update.win32_1.4.0.202007081208/tools/bin/../lib/gcc/arm-none-eabi/7.3.1/thumb/v7-m/crtbegin.o
                0x0000000020000000                . = ALIGN (0x4)

.bss            0x0000000020000000       0xb4 load address 0x0000000008000ef4
                0x0000000020000000                _sbss = .
                0x0000000020000000                __bss_start__ = _sbss
 *(.bss)
 .bss           0x0000000020000000       0x1c c:/st/stm32cubeide_1.4.0/stm32cubeide/plugins/com.st.stm32cube.ide.mcu.externaltools.gnu-tools-for-stm32.7-2018-q2-update.win32_1.4.0.202007081208/tools/bin/../lib/gcc/arm-none-eabi/7.3.1/thumb/v7-m/crtbegin.o
 *(.bss*)
 .bss.I2C_GLOBAL
                0x000000002000001c       0x50 STM32F103C6_DRIVERS/STM32F103C6_I2C_DRIVER.o
                0x000000002000001c                I2C_GLOBAL
 .bss.SPI_GLOBAL
                0x000000002000006c        0x8 STM32F103C6_DRIVERS/STM32F103C6_SPI_DRIVER.o
                0x000000002000006c                SPI_GLOBAL
 .bss.GLOBAL_UART_CONFIG
                0x0000000020000074        0x4 STM32F103C6_DRIVERS/STM32F103C6_USART_DRIVER.o
                0x0000000020000074                GLOBAL_UART_CONFIG
 *(COMMON)
 COMMON         0x0000000020000078       0x3c STM32F103C6_DRIVERS/STM32F103C6_EXTI_DRIVER.o
                0x0000000020000078                GP_IRQ_CALLBACK
                0x00000000200000b4                . = ALIGN (0x4)
                0x00000000200000b4                _ebss = .
                0x00000000200000b4                __bss_end__ = _ebss

._user_heap_stack
                0x00000000200000b4      0x604 load address 0x0000000008000ef4
                0x00000000200000b8                . = ALIGN (0x8)
 *fill*         0x00000000200000b4        0x4 
                [!provide]                        PROVIDE (end = .)
                0x00000000200000b8                PROVIDE (_end = .)
                0x00000000200002b8                . = (. + _Min_Heap_Size)
 *fill*         0x00000000200000b8      0x200 
                0x00000000200006b8                . = (. + _Min_Stack_Size)
 *fill*         0x00000000200002b8      0x400 
                0x00000000200006b8                . = ALIGN (0x8)

/DISCARD/
 libc.a(*)
 libm.a(*)
 libgcc.a(*)

.ARM.attributes
                0x0000000000000000       0x29
 *(.ARM.attributes)
 .ARM.attributes
                0x0000000000000000       0x1d c:/st/stm32cubeide_1.4.0/stm32cubeide/plugins/com.st.stm32cube.ide.mcu.externaltools.gnu-tools-for-stm32.7-2018-q2-update.win32_1.4.0.202007081208/tools/bin/../lib/gcc/arm-none-eabi/7.3.1/thumb/v7-m/crti.o
 .ARM.attributes
                0x000000000000001d       0x2d c:/st/stm32cubeide_1.4.0/stm32cubeide/plugins/com.st.stm32cube.ide.mcu.externaltools.gnu-tools-for-stm32.7-2018-q2-update.win32_1.4.0.202007081208/tools/bin/../lib/gcc/arm-none-eabi/7.3.1/thumb/v7-m/crtbegin.o
 .ARM.attributes
                0x000000000000004a       0x33 HAL/Includes/EEPROM.o
 .ARM.attributes
                0x000000000000007d       0x33 STM32F103C6_DRIVERS/STM32F103C6_EXTI_DRIVER.o
 .ARM.attributes
                0x00000000000000b0       0x33 STM32F103C6_DRIVERS/STM32F103C6_GPIO_DRIVER.o
 .ARM.attributes
                0x00000000000000e3       0x33 STM32F103C6_DRIVERS/STM32F103C6_I2C_DRIVER.o
 .ARM.attributes
                0x0000000000000116       0x33 STM32F103C6_DRIVERS/STM32F103C6_RCC_DRIVER.o
 .ARM.attributes
                0x0000000000000149       0x33 STM32F103C6_DRIVERS/STM32F103C6_SPI_DRIVER.o
 .ARM.attributes
                0x000000000000017c       0x33 STM32F103C6_DRIVERS/STM32F103C6_USART_DRIVER.o
 .ARM.attributes
                0x00000000000001af       0x33 Src/main.o
 .ARM.attributes
                0x00000000000001e2       0x21 Startup/startup_stm32f103c6tx.o
 .ARM.attributes
                0x0000000000000203       0x2d c:/st/stm32cubeide_1.4.0/stm32cubeide/plugins/com.st.stm32cube.ide.mcu.externaltools.gnu-tools-for-stm32.7-2018-q2-update.win32_1.4.0.202007081208/tools/bin/../lib/gcc/arm-none-eabi/7.3.1/../../../../arm-none-eabi/lib/thumb/v7-m\libc_nano.a(lib_a-init.o)
 .ARM.attributes
                0x0000000000000230       0x1d c:/st/stm32cubeide_1.4.0/stm32cubeide/plugins/com.st.stm32cube.ide.mcu.externaltools.gnu-tools-for-stm32.7-2018-q2-update.win32_1.4.0.202007081208/tools/bin/../lib/gcc/arm-none-eabi/7.3.1/thumb/v7-m/crtn.o
OUTPUT(DRIVERS.elf elf32-littlearm)

.debug_info     0x0000000000000000     0x6d5d
 .debug_info    0x0000000000000000      0xcbe HAL/Includes/EEPROM.o
 .debug_info    0x0000000000000cbe      0xdc8 STM32F103C6_DRIVERS/STM32F103C6_EXTI_DRIVER.o
 .debug_info    0x0000000000001a86      0xcc4 STM32F103C6_DRIVERS/STM32F103C6_GPIO_DRIVER.o
 .debug_info    0x000000000000274a     0x11cb STM32F103C6_DRIVERS/STM32F103C6_I2C_DRIVER.o
 .debug_info    0x0000000000003915      0xb30 STM32F103C6_DRIVERS/STM32F103C6_RCC_DRIVER.o
 .debug_info    0x0000000000004445      0xf04 STM32F103C6_DRIVERS/STM32F103C6_SPI_DRIVER.o
 .debug_info    0x0000000000005349      0xe26 STM32F103C6_DRIVERS/STM32F103C6_USART_DRIVER.o
 .debug_info    0x000000000000616f      0xbcc Src/main.o
 .debug_info    0x0000000000006d3b       0x22 Startup/startup_stm32f103c6tx.o

.debug_abbrev   0x0000000000000000     0x10dc
 .debug_abbrev  0x0000000000000000      0x1d1 HAL/Includes/EEPROM.o
 .debug_abbrev  0x00000000000001d1      0x228 STM32F103C6_DRIVERS/STM32F103C6_EXTI_DRIVER.o
 .debug_abbrev  0x00000000000003f9      0x227 STM32F103C6_DRIVERS/STM32F103C6_GPIO_DRIVER.o
 .debug_abbrev  0x0000000000000620      0x280 STM32F103C6_DRIVERS/STM32F103C6_I2C_DRIVER.o
 .debug_abbrev  0x00000000000008a0      0x19b STM32F103C6_DRIVERS/STM32F103C6_RCC_DRIVER.o
 .debug_abbrev  0x0000000000000a3b      0x269 STM32F103C6_DRIVERS/STM32F103C6_SPI_DRIVER.o
 .debug_abbrev  0x0000000000000ca4      0x23d STM32F103C6_DRIVERS/STM32F103C6_USART_DRIVER.o
 .debug_abbrev  0x0000000000000ee1      0x1e9 Src/main.o
 .debug_abbrev  0x00000000000010ca       0x12 Startup/startup_stm32f103c6tx.o

.debug_loc      0x0000000000000000     0x127e
 .debug_loc     0x0000000000000000       0xf2 HAL/Includes/EEPROM.o
 .debug_loc     0x00000000000000f2      0x320 STM32F103C6_DRIVERS/STM32F103C6_EXTI_DRIVER.o
 .debug_loc     0x0000000000000412      0x330 STM32F103C6_DRIVERS/STM32F103C6_GPIO_DRIVER.o
 .debug_loc     0x0000000000000742      0x458 STM32F103C6_DRIVERS/STM32F103C6_I2C_DRIVER.o
 .debug_loc     0x0000000000000b9a       0xc8 STM32F103C6_DRIVERS/STM32F103C6_RCC_DRIVER.o
 .debug_loc     0x0000000000000c62      0x2bc STM32F103C6_DRIVERS/STM32F103C6_SPI_DRIVER.o
 .debug_loc     0x0000000000000f1e      0x294 STM32F103C6_DRIVERS/STM32F103C6_USART_DRIVER.o
 .debug_loc     0x00000000000011b2       0xcc Src/main.o

.debug_aranges  0x0000000000000000      0x2d8
 .debug_aranges
                0x0000000000000000       0x30 HAL/Includes/EEPROM.o
 .debug_aranges
                0x0000000000000030       0x80 STM32F103C6_DRIVERS/STM32F103C6_EXTI_DRIVER.o
 .debug_aranges
                0x00000000000000b0       0x60 STM32F103C6_DRIVERS/STM32F103C6_GPIO_DRIVER.o
 .debug_aranges
                0x0000000000000110       0x80 STM32F103C6_DRIVERS/STM32F103C6_I2C_DRIVER.o
 .debug_aranges
                0x0000000000000190       0x38 STM32F103C6_DRIVERS/STM32F103C6_RCC_DRIVER.o
 .debug_aranges
                0x00000000000001c8       0x58 STM32F103C6_DRIVERS/STM32F103C6_SPI_DRIVER.o
 .debug_aranges
                0x0000000000000220       0x60 STM32F103C6_DRIVERS/STM32F103C6_USART_DRIVER.o
 .debug_aranges
                0x0000000000000280       0x30 Src/main.o
 .debug_aranges
                0x00000000000002b0       0x28 Startup/startup_stm32f103c6tx.o

.debug_ranges   0x0000000000000000      0x250
 .debug_ranges  0x0000000000000000       0x20 HAL/Includes/EEPROM.o
 .debug_ranges  0x0000000000000020       0x70 STM32F103C6_DRIVERS/STM32F103C6_EXTI_DRIVER.o
 .debug_ranges  0x0000000000000090       0x50 STM32F103C6_DRIVERS/STM32F103C6_GPIO_DRIVER.o
 .debug_ranges  0x00000000000000e0       0x70 STM32F103C6_DRIVERS/STM32F103C6_I2C_DRIVER.o
 .debug_ranges  0x0000000000000150       0x28 STM32F103C6_DRIVERS/STM32F103C6_RCC_DRIVER.o
 .debug_ranges  0x0000000000000178       0x48 STM32F103C6_DRIVERS/STM32F103C6_SPI_DRIVER.o
 .debug_ranges  0x00000000000001c0       0x50 STM32F103C6_DRIVERS/STM32F103C6_USART_DRIVER.o
 .debug_ranges  0x0000000000000210       0x20 Src/main.o
 .debug_ranges  0x0000000000000230       0x20 Startup/startup_stm32f103c6tx.o

.debug_macro    0x0000000000000000     0x3b10
 .debug_macro   0x0000000000000000      0x253 HAL/Includes/EEPROM.o
 .debug_macro   0x0000000000000253      0xa60 HAL/Includes/EEPROM.o
 .debug_macro   0x0000000000000cb3       0x18 HAL/Includes/EEPROM.o
 .debug_macro   0x0000000000000ccb       0x22 HAL/Includes/EEPROM.o
 .debug_macro   0x0000000000000ced       0x40 HAL/Includes/EEPROM.o
 .debug_macro   0x0000000000000d2d       0x94 HAL/Includes/EEPROM.o
 .debug_macro   0x0000000000000dc1       0x3c HAL/Includes/EEPROM.o
 .debug_macro   0x0000000000000dfd       0x34 HAL/Includes/EEPROM.o
 .debug_macro   0x0000000000000e31       0x16 HAL/Includes/EEPROM.o
 .debug_macro   0x0000000000000e47      0x10e HAL/Includes/EEPROM.o
 .debug_macro   0x0000000000000f55       0x8d HAL/Includes/EEPROM.o
 .debug_macro   0x0000000000000fe2       0x57 HAL/Includes/EEPROM.o
 .debug_macro   0x0000000000001039       0x52 HAL/Includes/EEPROM.o
 .debug_macro   0x000000000000108b       0x1f HAL/Includes/EEPROM.o
 .debug_macro   0x00000000000010aa       0x43 HAL/Includes/EEPROM.o
 .debug_macro   0x00000000000010ed       0x20 HAL/Includes/EEPROM.o
 .debug_macro   0x000000000000110d      0x1a3 HAL/Includes/EEPROM.o
 .debug_macro   0x00000000000012b0      0x330 HAL/Includes/EEPROM.o
 .debug_macro   0x00000000000015e0       0x16 HAL/Includes/EEPROM.o
 .debug_macro   0x00000000000015f6       0x29 HAL/Includes/EEPROM.o
 .debug_macro   0x000000000000161f       0x1c HAL/Includes/EEPROM.o
 .debug_macro   0x000000000000163b       0x35 HAL/Includes/EEPROM.o
 .debug_macro   0x0000000000001670       0x10 HAL/Includes/EEPROM.o
 .debug_macro   0x0000000000001680       0x10 HAL/Includes/EEPROM.o
 .debug_macro   0x0000000000001690       0x6a HAL/Includes/EEPROM.o
 .debug_macro   0x00000000000016fa       0x1c HAL/Includes/EEPROM.o
 .debug_macro   0x0000000000001716       0x52 HAL/Includes/EEPROM.o
 .debug_macro   0x0000000000001768       0x40 HAL/Includes/EEPROM.o
 .debug_macro   0x00000000000017a8       0x10 HAL/Includes/EEPROM.o
 .debug_macro   0x00000000000017b8       0x40 HAL/Includes/EEPROM.o
 .debug_macro   0x00000000000017f8       0xd7 HAL/Includes/EEPROM.o
 .debug_macro   0x00000000000018cf       0x1c HAL/Includes/EEPROM.o
 .debug_macro   0x00000000000018eb       0x3d HAL/Includes/EEPROM.o
 .debug_macro   0x0000000000001928       0x16 HAL/Includes/EEPROM.o
 .debug_macro   0x000000000000193e      0x145 HAL/Includes/EEPROM.o
 .debug_macro   0x0000000000001a83       0xef HAL/Includes/EEPROM.o
 .debug_macro   0x0000000000001b72      0x1df HAL/Includes/EEPROM.o
 .debug_macro   0x0000000000001d51      0x6e1 HAL/Includes/EEPROM.o
 .debug_macro   0x0000000000002432      0x219 HAL/Includes/EEPROM.o
 .debug_macro   0x000000000000264b       0xd6 HAL/Includes/EEPROM.o
 .debug_macro   0x0000000000002721       0x16 HAL/Includes/EEPROM.o
 .debug_macro   0x0000000000002737      0x100 HAL/Includes/EEPROM.o
 .debug_macro   0x0000000000002837       0xc4 HAL/Includes/EEPROM.o
 .debug_macro   0x00000000000028fb       0x70 HAL/Includes/EEPROM.o
 .debug_macro   0x000000000000296b      0x26b STM32F103C6_DRIVERS/STM32F103C6_EXTI_DRIVER.o
 .debug_macro   0x0000000000002bd6      0x25d STM32F103C6_DRIVERS/STM32F103C6_GPIO_DRIVER.o
 .debug_macro   0x0000000000002e33      0x25f STM32F103C6_DRIVERS/STM32F103C6_I2C_DRIVER.o
 .debug_macro   0x0000000000003092      0x265 STM32F103C6_DRIVERS/STM32F103C6_RCC_DRIVER.o
 .debug_macro   0x00000000000032f7      0x26b STM32F103C6_DRIVERS/STM32F103C6_SPI_DRIVER.o
 .debug_macro   0x0000000000003562      0x261 STM32F103C6_DRIVERS/STM32F103C6_USART_DRIVER.o
 .debug_macro   0x00000000000037c3       0xfa STM32F103C6_DRIVERS/STM32F103C6_USART_DRIVER.o
 .debug_macro   0x00000000000038bd      0x253 Src/main.o

.debug_line     0x0000000000000000     0x3ef3
 .debug_line    0x0000000000000000      0x704 HAL/Includes/EEPROM.o
 .debug_line    0x0000000000000704      0x888 STM32F103C6_DRIVERS/STM32F103C6_EXTI_DRIVER.o
 .debug_line    0x0000000000000f8c      0x7d0 STM32F103C6_DRIVERS/STM32F103C6_GPIO_DRIVER.o
 .debug_line    0x000000000000175c      0x905 STM32F103C6_DRIVERS/STM32F103C6_I2C_DRIVER.o
 .debug_line    0x0000000000002061      0x714 STM32F103C6_DRIVERS/STM32F103C6_RCC_DRIVER.o
 .debug_line    0x0000000000002775      0x807 STM32F103C6_DRIVERS/STM32F103C6_SPI_DRIVER.o
 .debug_line    0x0000000000002f7c      0x7fa STM32F103C6_DRIVERS/STM32F103C6_USART_DRIVER.o
 .debug_line    0x0000000000003776      0x6f9 Src/main.o
 .debug_line    0x0000000000003e6f       0x84 Startup/startup_stm32f103c6tx.o

.debug_str      0x0000000000000000     0xd28e
 .debug_str     0x0000000000000000     0xc77f HAL/Includes/EEPROM.o
                                       0xc9ed (size before relaxing)
 .debug_str     0x000000000000c77f      0x2c7 STM32F103C6_DRIVERS/STM32F103C6_EXTI_DRIVER.o
                                       0xcabd (size before relaxing)
 .debug_str     0x000000000000ca46      0x122 STM32F103C6_DRIVERS/STM32F103C6_GPIO_DRIVER.o
                                       0xc968 (size before relaxing)
 .debug_str     0x000000000000cb68      0x224 STM32F103C6_DRIVERS/STM32F103C6_I2C_DRIVER.o
                                       0xcc50 (size before relaxing)
 .debug_str     0x000000000000cd8c       0xae STM32F103C6_DRIVERS/STM32F103C6_RCC_DRIVER.o
                                       0xc8cd (size before relaxing)
 .debug_str     0x000000000000ce3a      0x242 STM32F103C6_DRIVERS/STM32F103C6_SPI_DRIVER.o
                                       0xcaf0 (size before relaxing)
 .debug_str     0x000000000000d07c      0x1a9 STM32F103C6_DRIVERS/STM32F103C6_USART_DRIVER.o
                                       0xca5b (size before relaxing)
 .debug_str     0x000000000000d225       0x38 Src/main.o
                                       0xc8cb (size before relaxing)
 .debug_str     0x000000000000d25d       0x31 Startup/startup_stm32f103c6tx.o
                                         0x6e (size before relaxing)

.comment        0x0000000000000000       0x7b
 .comment       0x0000000000000000       0x7b HAL/Includes/EEPROM.o
                                         0x7c (size before relaxing)
 .comment       0x000000000000007b       0x7c STM32F103C6_DRIVERS/STM32F103C6_EXTI_DRIVER.o
 .comment       0x000000000000007b       0x7c STM32F103C6_DRIVERS/STM32F103C6_GPIO_DRIVER.o
 .comment       0x000000000000007b       0x7c STM32F103C6_DRIVERS/STM32F103C6_I2C_DRIVER.o
 .comment       0x000000000000007b       0x7c STM32F103C6_DRIVERS/STM32F103C6_RCC_DRIVER.o
 .comment       0x000000000000007b       0x7c STM32F103C6_DRIVERS/STM32F103C6_SPI_DRIVER.o
 .comment       0x000000000000007b       0x7c STM32F103C6_DRIVERS/STM32F103C6_USART_DRIVER.o
 .comment       0x000000000000007b       0x7c Src/main.o

.debug_frame    0x0000000000000000      0x95c
 .debug_frame   0x0000000000000000       0x80 HAL/Includes/EEPROM.o
 .debug_frame   0x0000000000000080      0x1b0 STM32F103C6_DRIVERS/STM32F103C6_EXTI_DRIVER.o
 .debug_frame   0x0000000000000230      0x178 STM32F103C6_DRIVERS/STM32F103C6_GPIO_DRIVER.o
 .debug_frame   0x00000000000003a8      0x200 STM32F103C6_DRIVERS/STM32F103C6_I2C_DRIVER.o
 .debug_frame   0x00000000000005a8       0x84 STM32F103C6_DRIVERS/STM32F103C6_RCC_DRIVER.o
 .debug_frame   0x000000000000062c      0x144 STM32F103C6_DRIVERS/STM32F103C6_SPI_DRIVER.o
 .debug_frame   0x0000000000000770      0x14c STM32F103C6_DRIVERS/STM32F103C6_USART_DRIVER.o
 .debug_frame   0x00000000000008bc       0x74 Src/main.o
 .debug_frame   0x0000000000000930       0x2c c:/st/stm32cubeide_1.4.0/stm32cubeide/plugins/com.st.stm32cube.ide.mcu.externaltools.gnu-tools-for-stm32.7-2018-q2-update.win32_1.4.0.202007081208/tools/bin/../lib/gcc/arm-none-eabi/7.3.1/../../../../arm-none-eabi/lib/thumb/v7-m\libc_nano.a(lib_a-init.o)
