Archive member included to satisfy reference by file (symbol)

c:/st/stm32cubeide_1.4.0/stm32cubeide/plugins/com.st.stm32cube.ide.mcu.externaltools.gnu-tools-for-stm32.7-2018-q2-update.win32_1.4.0.202007081208/tools/bin/../lib/gcc/arm-none-eabi/7.3.1/../../../../arm-none-eabi/lib/thumb/v7-m\libc_nano.a(lib_a-errno.o)
                              Src/syscalls.o (__errno)
c:/st/stm32cubeide_1.4.0/stm32cubeide/plugins/com.st.stm32cube.ide.mcu.externaltools.gnu-tools-for-stm32.7-2018-q2-update.win32_1.4.0.202007081208/tools/bin/../lib/gcc/arm-none-eabi/7.3.1/../../../../arm-none-eabi/lib/thumb/v7-m\libc_nano.a(lib_a-exit.o)
                              c:/st/stm32cubeide_1.4.0/stm32cubeide/plugins/com.st.stm32cube.ide.mcu.externaltools.gnu-tools-for-stm32.7-2018-q2-update.win32_1.4.0.202007081208/tools/bin/../lib/gcc/arm-none-eabi/7.3.1/../../../../arm-none-eabi/lib/thumb/v7-m/crt0.o (exit)
c:/st/stm32cubeide_1.4.0/stm32cubeide/plugins/com.st.stm32cube.ide.mcu.externaltools.gnu-tools-for-stm32.7-2018-q2-update.win32_1.4.0.202007081208/tools/bin/../lib/gcc/arm-none-eabi/7.3.1/../../../../arm-none-eabi/lib/thumb/v7-m\libc_nano.a(lib_a-impure.o)
                              c:/st/stm32cubeide_1.4.0/stm32cubeide/plugins/com.st.stm32cube.ide.mcu.externaltools.gnu-tools-for-stm32.7-2018-q2-update.win32_1.4.0.202007081208/tools/bin/../lib/gcc/arm-none-eabi/7.3.1/../../../../arm-none-eabi/lib/thumb/v7-m\libc_nano.a(lib_a-exit.o) (_global_impure_ptr)
c:/st/stm32cubeide_1.4.0/stm32cubeide/plugins/com.st.stm32cube.ide.mcu.externaltools.gnu-tools-for-stm32.7-2018-q2-update.win32_1.4.0.202007081208/tools/bin/../lib/gcc/arm-none-eabi/7.3.1/../../../../arm-none-eabi/lib/thumb/v7-m\libc_nano.a(lib_a-init.o)
                              c:/st/stm32cubeide_1.4.0/stm32cubeide/plugins/com.st.stm32cube.ide.mcu.externaltools.gnu-tools-for-stm32.7-2018-q2-update.win32_1.4.0.202007081208/tools/bin/../lib/gcc/arm-none-eabi/7.3.1/../../../../arm-none-eabi/lib/thumb/v7-m/crt0.o (__libc_init_array)
c:/st/stm32cubeide_1.4.0/stm32cubeide/plugins/com.st.stm32cube.ide.mcu.externaltools.gnu-tools-for-stm32.7-2018-q2-update.win32_1.4.0.202007081208/tools/bin/../lib/gcc/arm-none-eabi/7.3.1/../../../../arm-none-eabi/lib/thumb/v7-m\libc_nano.a(lib_a-memset.o)
                              c:/st/stm32cubeide_1.4.0/stm32cubeide/plugins/com.st.stm32cube.ide.mcu.externaltools.gnu-tools-for-stm32.7-2018-q2-update.win32_1.4.0.202007081208/tools/bin/../lib/gcc/arm-none-eabi/7.3.1/../../../../arm-none-eabi/lib/thumb/v7-m/crt0.o (memset)

Allocating common symbols
Common symbol       size              file

CH                  0x4               Src/main.o
GP_IRQ_CALLBACK     0x3c              STM32F103C6_DRIVERS/STM32F103C6_EXTI_DRIVER.o
PINCFG              0x4               HAL/Includes/lcd.o

Discarded input sections

 .text          0x0000000000000000        0x0 c:/st/stm32cubeide_1.4.0/stm32cubeide/plugins/com.st.stm32cube.ide.mcu.externaltools.gnu-tools-for-stm32.7-2018-q2-update.win32_1.4.0.202007081208/tools/bin/../lib/gcc/arm-none-eabi/7.3.1/thumb/v7-m/crti.o
 .data          0x0000000000000000        0x0 c:/st/stm32cubeide_1.4.0/stm32cubeide/plugins/com.st.stm32cube.ide.mcu.externaltools.gnu-tools-for-stm32.7-2018-q2-update.win32_1.4.0.202007081208/tools/bin/../lib/gcc/arm-none-eabi/7.3.1/thumb/v7-m/crti.o
 .bss           0x0000000000000000        0x0 c:/st/stm32cubeide_1.4.0/stm32cubeide/plugins/com.st.stm32cube.ide.mcu.externaltools.gnu-tools-for-stm32.7-2018-q2-update.win32_1.4.0.202007081208/tools/bin/../lib/gcc/arm-none-eabi/7.3.1/thumb/v7-m/crti.o
 .data          0x0000000000000000        0x4 c:/st/stm32cubeide_1.4.0/stm32cubeide/plugins/com.st.stm32cube.ide.mcu.externaltools.gnu-tools-for-stm32.7-2018-q2-update.win32_1.4.0.202007081208/tools/bin/../lib/gcc/arm-none-eabi/7.3.1/thumb/v7-m/crtbegin.o
 .text          0x0000000000000000       0x74 c:/st/stm32cubeide_1.4.0/stm32cubeide/plugins/com.st.stm32cube.ide.mcu.externaltools.gnu-tools-for-stm32.7-2018-q2-update.win32_1.4.0.202007081208/tools/bin/../lib/gcc/arm-none-eabi/7.3.1/../../../../arm-none-eabi/lib/thumb/v7-m/crt0.o
 .data          0x0000000000000000        0x0 c:/st/stm32cubeide_1.4.0/stm32cubeide/plugins/com.st.stm32cube.ide.mcu.externaltools.gnu-tools-for-stm32.7-2018-q2-update.win32_1.4.0.202007081208/tools/bin/../lib/gcc/arm-none-eabi/7.3.1/../../../../arm-none-eabi/lib/thumb/v7-m/crt0.o
 .bss           0x0000000000000000        0x0 c:/st/stm32cubeide_1.4.0/stm32cubeide/plugins/com.st.stm32cube.ide.mcu.externaltools.gnu-tools-for-stm32.7-2018-q2-update.win32_1.4.0.202007081208/tools/bin/../lib/gcc/arm-none-eabi/7.3.1/../../../../arm-none-eabi/lib/thumb/v7-m/crt0.o
 .ARM.extab     0x0000000000000000        0x0 c:/st/stm32cubeide_1.4.0/stm32cubeide/plugins/com.st.stm32cube.ide.mcu.externaltools.gnu-tools-for-stm32.7-2018-q2-update.win32_1.4.0.202007081208/tools/bin/../lib/gcc/arm-none-eabi/7.3.1/../../../../arm-none-eabi/lib/thumb/v7-m/crt0.o
[...]
Memory Configuration

Name             Origin             Length             Attributes
RAM              0x0000000020000000 0x0000000000002800 xrw
ROM              0x0000000008000000 0x0000000000008000 xr
*default*        0x0000000000000000 0xffffffffffffffff

Linker script and memory map

LOAD c:/st/stm32cubeide_1.4.0/stm32cubeide/plugins/com.st.stm32cube.ide.mcu.externaltools.gnu-tools-for-stm32.7-2018-q2-update.win32_1.4.0.202007081208/tools/bin/../lib/gcc/arm-none-eabi/7.3.1/thumb/v7-m/crti.o
LOAD c:/st/stm32cubeide_1.4.0/stm32cubeide/plugins/com.st.stm32cube.ide.mcu.externaltools.gnu-tools-for-stm32.7-2018-q2-update.win32_1.4.0.202007081208/tools/bin/../lib/gcc/arm-none-eabi/7.3.1/thumb/v7-m/crtbegin.o
LOAD c:/st/stm32cubeide_1.4.0/stm32cubeide/plugins/com.st.stm32cube.ide.mcu.externaltools.gnu-tools-for-stm32.7-2018-q2-update.win32_1.4.0.202007081208/tools/bin/../lib/gcc/arm-none-eabi/7.3.1/../../../../arm-none-eabi/lib/thumb/v7-m/crt0.o
LOAD HAL/Includes/keypad.o
LOAD HAL/Includes/lcd.o
LOAD STM32F103C6_DRIVERS/STM32F103C6_EXTI_DRIVER.o
LOAD STM32F103C6_DRIVERS/STM32F103C6_GPIO_DRIVER.o
LOAD STM32F103C6_DRIVERS/STM32F103C6_RCC_DRIVER.o
LOAD STM32F103C6_DRIVERS/STM32F103C6_USART_DRIVER.o
LOAD Src/main.o
LOAD Src/syscalls.o
LOAD Src/sysmem.o
LOAD Startup/startup_stm32f103c6tx.o
START GROUP
LOAD c:/st/stm32cubeide_1.4.0/stm32cubeide/plugins/com.st.stm32cube.ide.mcu.externaltools.gnu-tools-for-stm32.7-2018-q2-update.win32_1.4.0.202007081208/tools/bin/../lib/gcc/arm-none-eabi/7.3.1/../../../../arm-none-eabi/lib/thumb/v7-m\libc_nano.a
LOAD c:/st/stm32cubeide_1.4.0/stm32cubeide/plugins/com.st.stm32cube.ide.mcu.externaltools.gnu-tools-for-stm32.7-2018-q2-update.win32_1.4.0.202007081208/tools/bin/../lib/gcc/arm-none-eabi/7.3.1/../../../../arm-none-eabi/lib/thumb/v7-m\libm.a
END GROUP
START GROUP
LOAD c:/st/stm32cubeide_1.4.0/stm32cubeide/plugins/com.st.stm32cube.ide.mcu.externaltools.gnu-tools-for-stm32.7-2018-q2-update.win32_1.4.0.202007081208/tools/bin/../lib/gcc/arm-none-eabi/7.3.1/thumb/v7-m\libgcc.a
LOAD c:/st/stm32cubeide_1.4.0/stm32cubeide/plugins/com.st.stm32cube.ide.mcu.externaltools.gnu-tools-for-stm32.7-2018-q2-update.win32_1.4.0.202007081208/tools/bin/../lib/gcc/arm-none-eabi/7.3.1/../../../../arm-none-eabi/lib/thumb/v7-m\libg_nano.a
LOAD c:/st/stm32cubeide_1.4.0/stm32cubeide/plugins/com.st.stm32cube.ide.mcu.externaltools.gnu-tools-for-stm32.7-2018-q2-update.win32_1.4.0.202007081208/tools/bin/../lib/gcc/arm-none-eabi/7.3.1/../../../../arm-none-eabi/lib/thumb/v7-m\libc_nano.a
END GROUP
START GROUP
LOAD c:/st/stm32cubeide_1.4.0/stm32cubeide/plugins/com.st.stm32cube.ide.mcu.externaltools.gnu-tools-for-stm32.7-2018-q2-update.win32_1.4.0.202007081208/tools/bin/../lib/gcc/arm-none-eabi/7.3.1/thumb/v7-m\libgcc.a
LOAD c:/st/stm32cubeide_1.4.0/stm32cubeide/plugins/com.st.stm32cube.ide.mcu.externaltools.gnu-tools-for-stm32.7-2018-q2-update.win32_1.4.0.202007081208/tools/bin/../lib/gcc/arm-none-eabi/7.3.1/../../../../arm-none-eabi/lib/thumb/v7-m\libc_nano.a
LOAD c:/st/stm32cubeide_1.4.0/stm32cubeide/plugins/com.st.stm32cube.ide.mcu.externaltools.gnu-tools-for-stm32.7-2018-q2-update.win32_1.4.0.202007081208/tools/bin/../lib/gcc/arm-none-eabi/7.3.1/../../../../arm-none-eabi/lib/thumb/v7-m\libnosys.a
END GROUP
START GROUP
LOAD c:/st/stm32cubeide_1.4.0/stm32cubeide/plugins/com.st.stm32cube.ide.mcu.externaltools.gnu-tools-for-stm32.7-2018-q2-update.win32_1.4.0.202007081208/tools/bin/../lib/gcc/arm-none-eabi/7.3.1/thumb/v7-m\libgcc.a
LOAD c:/st/stm32cubeide_1.4.0/stm32cubeide/plugins/com.st.stm32cube.ide.mcu.externaltools.gnu-tools-for-stm32.7-2018-q2-update.win32_1.4.0.202007081208/tools/bin/../lib/gcc/arm-none-eabi/7.3.1/../../../../arm-none-eabi/lib/thumb/v7-m\libc_nano.a
LOAD c:/st/stm32cubeide_1.4.0/stm32cubeide/plugins/com.st.stm32cube.ide.mcu.externaltools.gnu-tools-for-stm32.7-2018-q2-update.win32_1.4.0.202007081208/tools/bin/../lib/gcc/arm-none-eabi/7.3.1/../../../../arm-none-eabi/lib/thumb/v7-m\libnosys.a
END GROUP
LOAD c:/st/stm32cubeide_1.4.0/stm32cubeide/plugins/com.st.stm32cube.ide.mcu.externaltools.gnu-tools-for-stm32.7-2018-q2-update.win32_1.4.0.202007081208/tools/bin/../lib/gcc/arm-none-eabi/7.3.1/thumb/v7-m/crtend.o
LOAD c:/st/stm32cubeide_1.4.0/stm32cubeide/plugins/com.st.stm32cube.ide.mcu.externaltools.gnu-tools-for-stm32.7-2018-q2-update.win32_1.4.0.202007081208/tools/bin/../lib/gcc/arm-none-eabi/7.3.1/thumb/v7-m/crtn.o
                0x0000000020002800                _estack = (ORIGIN (RAM) + LENGTH (RAM))
                0x0000000000000200                _Min_Heap_Size = 0x200
                0x0000000000000400                _Min_Stack_Size = 0x400

.isr_vector     0x0000000008000000      0x130
                0x0000000008000000                . = ALIGN (0x4)
 *(.isr_vector)
 .isr_vector    0x0000000008000000      0x130 Startup/startup_stm32f103c6tx.o
                0x0000000008000000                g_pfnVectors
                0x0000000008000130                . = ALIGN (0x4)

.text           0x0000000008000130      0x94c
                0x0000000008000130                . = ALIGN (0x4)
 *(.text)
 .text          0x0000000008000130       0x40 c:/st/stm32cubeide_1.4.0/stm32cubeide/plugins/com.st.stm32cube.ide.mcu.externaltools.gnu-tools-for-stm32.7-2018-q2-update.win32_1.4.0.202007081208/tools/bin/../lib/gcc/arm-none-eabi/7.3.1/thumb/v7-m/crtbegin.o
 *(.text*)
 .text.EXTI0_IRQHandler
                0x0000000008000170       0x1c STM32F103C6_DRIVERS/STM32F103C6_EXTI_DRIVER.o
                0x0000000008000170                EXTI0_IRQHandler
 .text.EXTI1_IRQHandler
                0x000000000800018c       0x24 STM32F103C6_DRIVERS/STM32F103C6_EXTI_DRIVER.o
                0x000000000800018c                EXTI1_IRQHandler
 .text.EXTI2_IRQHandler
                0x00000000080001b0       0x24 STM32F103C6_DRIVERS/STM32F103C6_EXTI_DRIVER.o
                0x00000000080001b0                EXTI2_IRQHandler
 .text.EXTI3_IRQHandler
                0x00000000080001d4       0x24 STM32F103C6_DRIVERS/STM32F103C6_EXTI_DRIVER.o
                0x00000000080001d4                EXTI3_IRQHandler
 .text.EXTI4_IRQHandler
                0x00000000080001f8       0x24 STM32F103C6_DRIVERS/STM32F103C6_EXTI_DRIVER.o
                0x00000000080001f8                EXTI4_IRQHandler
 .text.EXTI9_5_IRQHandler
                0x000000000800021c       0xa8 STM32F103C6_DRIVERS/STM32F103C6_EXTI_DRIVER.o
                0x000000000800021c                EXTI9_5_IRQHandler
 .text.EXTI15_10_IRQHandler
                0x00000000080002c4       0xc4 STM32F103C6_DRIVERS/STM32F103C6_EXTI_DRIVER.o
                0x00000000080002c4                EXTI15_10_IRQHandler
 .text.GET_CRLH_POSITION
                0x0000000008000388       0xc6 STM32F103C6_DRIVERS/STM32F103C6_GPIO_DRIVER.o
                0x0000000008000388                GET_CRLH_POSITION
 .text.MCAL_GPIO_INIT
                0x000000000800044e       0xfe STM32F103C6_DRIVERS/STM32F103C6_GPIO_DRIVER.o
                0x000000000800044e                MCAL_GPIO_INIT
 .text.MCAL_RCC_SYSCLCK_GETFREQ
                0x000000000800054c       0x3c STM32F103C6_DRIVERS/STM32F103C6_RCC_DRIVER.o
                0x000000000800054c                MCAL_RCC_SYSCLCK_GETFREQ
 .text.MCAL_RCC_HCLCK_GETFREQ
                0x0000000008000588       0x28 STM32F103C6_DRIVERS/STM32F103C6_RCC_DRIVER.o
                0x0000000008000588                MCAL_RCC_HCLCK_GETFREQ
 .text.MCAL_RCC_PCLCK1_GETFREQ
                0x00000000080005b0       0x28 STM32F103C6_DRIVERS/STM32F103C6_RCC_DRIVER.o
                0x00000000080005b0                MCAL_RCC_PCLCK1_GETFREQ
 .text.MCAL_RCC_PCLCK2_GETFREQ
                0x00000000080005d8       0x28 STM32F103C6_DRIVERS/STM32F103C6_RCC_DRIVER.o
                0x00000000080005d8                MCAL_RCC_PCLCK2_GETFREQ
 .text.MCAL_USART_INIT
                0x0000000008000600      0x18c STM32F103C6_DRIVERS/STM32F103C6_USART_DRIVER.o
                0x0000000008000600                MCAL_USART_INIT
 .text.MCAL_USART_GPIO_SETPIN
                0x000000000800078c       0xcc STM32F103C6_DRIVERS/STM32F103C6_USART_DRIVER.o
                0x000000000800078c                MCAL_USART_GPIO_SETPIN
 .text.MCAL_USART_SEND
                0x0000000008000858       0x36 STM32F103C6_DRIVERS/STM32F103C6_USART_DRIVER.o
                0x0000000008000858                MCAL_USART_SEND
 *fill*         0x000000000800088e        0x2 
 .text.MCAL_USART_RECIEVE
                0x0000000008000890       0x5c STM32F103C6_DRIVERS/STM32F103C6_USART_DRIVER.o
                0x0000000008000890                MCAL_USART_RECIEVE
 .text.USART1_IRQHandler
                0x00000000080008ec       0x14 STM32F103C6_DRIVERS/STM32F103C6_USART_DRIVER.o
                0x00000000080008ec                USART1_IRQHandler
 .text.USART2_IRQHandler
                0x0000000008000900       0x14 STM32F103C6_DRIVERS/STM32F103C6_USART_DRIVER.o
                0x0000000008000900                USART2_IRQHandler
 .text.USART3_IRQHandler
                0x0000000008000914       0x14 STM32F103C6_DRIVERS/STM32F103C6_USART_DRIVER.o
                0x0000000008000914                USART3_IRQHandler
 .text.Clock_init
                0x0000000008000928       0x34 Src/main.o
                0x0000000008000928                Clock_init
 .text.UART_IRQ_Callback
                0x000000000800095c       0x24 Src/main.o
                0x000000000800095c                UART_IRQ_Callback
 .text.main     0x0000000008000980       0x48 Src/main.o
                0x0000000008000980                main
 .text.Reset_Handler
                0x00000000080009c8       0x50 Startup/startup_stm32f103c6tx.o
                0x00000000080009c8                Reset_Handler
 .text.Default_Handler
                0x0000000008000a18        0x2 Startup/startup_stm32f103c6tx.o
                0x0000000008000a18                TIM8_TRG_COM_IRQHandler
                0x0000000008000a18                TIM8_CC_IRQHandler
                0x0000000008000a18                DebugMon_Handler
                0x0000000008000a18                TIM1_CC_IRQHandler
                0x0000000008000a18                HardFault_Handler
                0x0000000008000a18                TIM6_IRQHandler
                0x0000000008000a18                SysTick_Handler
                0x0000000008000a18                PVD_IRQHandler
                0x0000000008000a18                SDIO_IRQHandler
                0x0000000008000a18                PendSV_Handler
                0x0000000008000a18                NMI_Handler
                0x0000000008000a18                USB_HP_CAN_TX_IRQHandler
                0x0000000008000a18                I2C2_EV_IRQHandler
                0x0000000008000a18                UsageFault_Handler
                0x0000000008000a18                ADC1_2_IRQHandler
                0x0000000008000a18                SPI1_IRQHandler
                0x0000000008000a18                CAN_SCE_IRQHandler
                0x0000000008000a18                TAMPER_IRQHandler
                0x0000000008000a18                TIM8_UP_IRQHandler
                0x0000000008000a18                DMA2_Channel2_IRQHandler
                0x0000000008000a18                DMA1_Channel4_IRQHandler
                0x0000000008000a18                RTC_IRQHandler
                0x0000000008000a18                DMA1_Channel7_IRQHandler
                0x0000000008000a18                UART5_IRQHandler
                0x0000000008000a18                ADC3_IRQHandler
                0x0000000008000a18                TIM4_IRQHandler
                0x0000000008000a18                CAN_RX1_IRQHandler
                0x0000000008000a18                DMA2_Channel1_IRQHandler
                0x0000000008000a18                I2C1_EV_IRQHandler
                0x0000000008000a18                DMA1_Channel6_IRQHandler
                0x0000000008000a18                UART4_IRQHandler
                0x0000000008000a18                TIM3_IRQHandler
                0x0000000008000a18                RCC_IRQHandler
                0x0000000008000a18                TIM1_TRG_COM_IRQHandler
                0x0000000008000a18                DMA1_Channel1_IRQHandler
                0x0000000008000a18                Default_Handler
                0x0000000008000a18                TIM7_IRQHandler
                0x0000000008000a18                TIM5_IRQHandler
                0x0000000008000a18                SPI2_IRQHandler
                0x0000000008000a18                USB_LP_CAN_RX0_IRQHandler
                0x0000000008000a18                MemManage_Handler
                0x0000000008000a18                SVC_Handler
                0x0000000008000a18                DMA1_Channel5_IRQHandler
                0x0000000008000a18                DMA1_Channel3_IRQHandler
                0x0000000008000a18                FSMC_IRQHandler
                0x0000000008000a18                TIM1_UP_IRQHandler
                0x0000000008000a18                WWDG_IRQHandler
                0x0000000008000a18                TIM2_IRQHandler
                0x0000000008000a18                TIM1_BRK_IRQHandler
                0x0000000008000a18                RTCAlarm_IRQHandler
                0x0000000008000a18                DMA2_Channel4_5_IRQHandler
                0x0000000008000a18                I2C2_ER_IRQHandler
                0x0000000008000a18                DMA1_Channel2_IRQHandler
                0x0000000008000a18                TIM8_BRK_IRQHandler
                0x0000000008000a18                FLASH_IRQHandler
                0x0000000008000a18                BusFault_Handler
                0x0000000008000a18                SPI3_IRQHandler
                0x0000000008000a18                I2C1_ER_IRQHandler
                0x0000000008000a18                DMA2_Channel3_IRQHandler
 *fill*         0x0000000008000a1a        0x2 
 .text.__libc_init_array
                0x0000000008000a1c       0x48 c:/st/stm32cubeide_1.4.0/stm32cubeide/plugins/com.st.stm32cube.ide.mcu.externaltools.gnu-tools-for-stm32.7-2018-q2-update.win32_1.4.0.202007081208/tools/bin/../lib/gcc/arm-none-eabi/7.3.1/../../../../arm-none-eabi/lib/thumb/v7-m\libc_nano.a(lib_a-init.o)
                0x0000000008000a1c                __libc_init_array
 *(.glue_7)
 .glue_7        0x0000000008000a64        0x0 linker stubs
 *(.glue_7t)
 .glue_7t       0x0000000008000a64        0x0 linker stubs
 *(.eh_frame)
 .eh_frame      0x0000000008000a64        0x0 c:/st/stm32cubeide_1.4.0/stm32cubeide/plugins/com.st.stm32cube.ide.mcu.externaltools.gnu-tools-for-stm32.7-2018-q2-update.win32_1.4.0.202007081208/tools/bin/../lib/gcc/arm-none-eabi/7.3.1/thumb/v7-m/crtbegin.o
 *(.init)
 .init          0x0000000008000a64        0x4 c:/st/stm32cubeide_1.4.0/stm32cubeide/plugins/com.st.stm32cube.ide.mcu.externaltools.gnu-tools-for-stm32.7-2018-q2-update.win32_1.4.0.202007081208/tools/bin/../lib/gcc/arm-none-eabi/7.3.1/thumb/v7-m/crti.o
                0x0000000008000a64                _init
 .init          0x0000000008000a68        0x8 c:/st/stm32cubeide_1.4.0/stm32cubeide/plugins/com.st.stm32cube.ide.mcu.externaltools.gnu-tools-for-stm32.7-2018-q2-update.win32_1.4.0.202007081208/tools/bin/../lib/gcc/arm-none-eabi/7.3.1/thumb/v7-m/crtn.o
 *(.fini)
 .fini          0x0000000008000a70        0x4 c:/st/stm32cubeide_1.4.0/stm32cubeide/plugins/com.st.stm32cube.ide.mcu.externaltools.gnu-tools-for-stm32.7-2018-q2-update.win32_1.4.0.202007081208/tools/bin/../lib/gcc/arm-none-eabi/7.3.1/thumb/v7-m/crti.o
                0x0000000008000a70                _fini
 .fini          0x0000000008000a74        0x8 c:/st/stm32cubeide_1.4.0/stm32cubeide/plugins/com.st.stm32cube.ide.mcu.externaltools.gnu-tools-for-stm32.7-2018-q2-update.win32_1.4.0.202007081208/tools/bin/../lib/gcc/arm-none-eabi/7.3.1/thumb/v7-m/crtn.o
                0x0000000008000a7c                . = ALIGN (0x4)
                0x0000000008000a7c                _etext = .

.vfp11_veneer   0x0000000008000a7c        0x0
 .vfp11_veneer  0x0000000008000a7c        0x0 linker stubs

.v4_bx          0x0000000008000a7c        0x0
 .v4_bx         0x0000000008000a7c        0x0 linker stubs

.iplt           0x0000000008000a7c        0x0
 .iplt          0x0000000008000a7c        0x0 c:/st/stm32cubeide_1.4.0/stm32cubeide/plugins/com.st.stm32cube.ide.mcu.externaltools.gnu-tools-for-stm32.7-2018-q2-update.win32_1.4.0.202007081208/tools/bin/../lib/gcc/arm-none-eabi/7.3.1/thumb/v7-m/crtbegin.o

.rodata         0x0000000008000a7c       0x1c
                0x0000000008000a7c                . = ALIGN (0x4)
 *(.rodata)
 *(.rodata*)
 .rodata.APBPRESC_TABLE
                0x0000000008000a7c        0x8 STM32F103C6_DRIVERS/STM32F103C6_RCC_DRIVER.o
                0x0000000008000a7c                APBPRESC_TABLE
 .rodata.AHBPRESC_TABLE
                0x0000000008000a84       0x11 STM32F103C6_DRIVERS/STM32F103C6_RCC_DRIVER.o
                0x0000000008000a84                AHBPRESC_TABLE
                0x0000000008000a98                . = ALIGN (0x4)
 *fill*         0x0000000008000a95        0x3 

.rel.dyn        0x0000000008000a98        0x0
 .rel.iplt      0x0000000008000a98        0x0 c:/st/stm32cubeide_1.4.0/stm32cubeide/plugins/com.st.stm32cube.ide.mcu.externaltools.gnu-tools-for-stm32.7-2018-q2-update.win32_1.4.0.202007081208/tools/bin/../lib/gcc/arm-none-eabi/7.3.1/thumb/v7-m/crtbegin.o

.ARM.extab      0x0000000008000a98        0x0
                0x0000000008000a98                . = ALIGN (0x4)
 *(.ARM.extab* .gnu.linkonce.armextab.*)
                0x0000000008000a98                . = ALIGN (0x4)

.ARM            0x0000000008000a98        0x0
                0x0000000008000a98                . = ALIGN (0x4)
                0x0000000008000a98                __exidx_start = .
 *(.ARM.exidx*)
                0x0000000008000a98                __exidx_end = .
                0x0000000008000a98                . = ALIGN (0x4)

.preinit_array  0x0000000008000a98        0x0
                0x0000000008000a98                . = ALIGN (0x4)
                0x0000000008000a98                PROVIDE (__preinit_array_start = .)
 *(.preinit_array*)
                0x0000000008000a98                PROVIDE (__preinit_array_end = .)
                0x0000000008000a98                . = ALIGN (0x4)

.init_array     0x0000000008000a98        0x4
                0x0000000008000a98                . = ALIGN (0x4)
                0x0000000008000a98                PROVIDE (__init_array_start = .)
 *(SORT_BY_NAME(.init_array.*))
 *(.init_array*)
 .init_array    0x0000000008000a98        0x4 c:/st/stm32cubeide_1.4.0/stm32cubeide/plugins/com.st.stm32cube.ide.mcu.externaltools.gnu-tools-for-stm32.7-2018-q2-update.win32_1.4.0.202007081208/tools/bin/../lib/gcc/arm-none-eabi/7.3.1/thumb/v7-m/crtbegin.o
                0x0000000008000a9c                PROVIDE (__init_array_end = .)
                0x0000000008000a9c                . = ALIGN (0x4)

.fini_array     0x0000000008000a9c        0x4
                0x0000000008000a9c                . = ALIGN (0x4)
                [!provide]                        PROVIDE (__fini_array_start = .)
 *(SORT_BY_NAME(.fini_array.*))
 *(.fini_array*)
 .fini_array    0x0000000008000a9c        0x4 c:/st/stm32cubeide_1.4.0/stm32cubeide/plugins/com.st.stm32cube.ide.mcu.externaltools.gnu-tools-for-stm32.7-2018-q2-update.win32_1.4.0.202007081208/tools/bin/../lib/gcc/arm-none-eabi/7.3.1/thumb/v7-m/crtbegin.o
                [!provide]                        PROVIDE (__fini_array_end = .)
                0x0000000008000aa0                . = ALIGN (0x4)
                0x0000000008000aa0                _sidata = LOADADDR (.data)

.data           0x0000000020000000        0x0 load address 0x0000000008000aa0
                0x0000000020000000                . = ALIGN (0x4)
                0x0000000020000000                _sdata = .
 *(.data)
 *(.data*)
                0x0000000020000000                . = ALIGN (0x4)
                0x0000000020000000                _edata = .

.igot.plt       0x0000000020000000        0x0 load address 0x0000000008000aa0
 .igot.plt      0x0000000020000000        0x0 c:/st/stm32cubeide_1.4.0/stm32cubeide/plugins/com.st.stm32cube.ide.mcu.externaltools.gnu-tools-for-stm32.7-2018-q2-update.win32_1.4.0.202007081208/tools/bin/../lib/gcc/arm-none-eabi/7.3.1/thumb/v7-m/crtbegin.o
                0x0000000020000000                . = ALIGN (0x4)

.bss            0x0000000020000000       0x60 load address 0x0000000008000aa0
                0x0000000020000000                _sbss = .
                0x0000000020000000                __bss_start__ = _sbss
 *(.bss)
 .bss           0x0000000020000000       0x1c c:/st/stm32cubeide_1.4.0/stm32cubeide/plugins/com.st.stm32cube.ide.mcu.externaltools.gnu-tools-for-stm32.7-2018-q2-update.win32_1.4.0.202007081208/tools/bin/../lib/gcc/arm-none-eabi/7.3.1/thumb/v7-m/crtbegin.o
 *(.bss*)
 .bss.GLOBAL_UART_CONFIG
                0x000000002000001c        0x4 STM32F103C6_DRIVERS/STM32F103C6_USART_DRIVER.o
                0x000000002000001c                GLOBAL_UART_CONFIG
 *(COMMON)
 COMMON         0x0000000020000020       0x3c STM32F103C6_DRIVERS/STM32F103C6_EXTI_DRIVER.o
                0x0000000020000020                GP_IRQ_CALLBACK
 COMMON         0x000000002000005c        0x4 Src/main.o
                0x000000002000005c                CH
                0x0000000020000060                . = ALIGN (0x4)
                0x0000000020000060                _ebss = .
                0x0000000020000060                __bss_end__ = _ebss

._user_heap_stack
                0x0000000020000060      0x600 load address 0x0000000008000aa0
                0x0000000020000060                . = ALIGN (0x8)
                [!provide]                        PROVIDE (end = .)
                0x0000000020000060                PROVIDE (_end = .)
                0x0000000020000260                . = (. + _Min_Heap_Size)
 *fill*         0x0000000020000060      0x200 
                0x0000000020000660                . = (. + _Min_Stack_Size)
 *fill*         0x0000000020000260      0x400 
                0x0000000020000660                . = ALIGN (0x8)

/DISCARD/
 libc.a(*)
 libm.a(*)
 libgcc.a(*)

.ARM.attributes
                0x0000000000000000       0x29
 *(.ARM.attributes)
 .ARM.attributes
                0x0000000000000000       0x1d c:/st/stm32cubeide_1.4.0/stm32cubeide/plugins/com.st.stm32cube.ide.mcu.externaltools.gnu-tools-for-stm32.7-2018-q2-update.win32_1.4.0.202007081208/tools/bin/../lib/gcc/arm-none-eabi/7.3.1/thumb/v7-m/crti.o
 .ARM.attributes
                0x000000000000001d       0x2d c:/st/stm32cubeide_1.4.0/stm32cubeide/plugins/com.st.stm32cube.ide.mcu.externaltools.gnu-tools-for-stm32.7-2018-q2-update.win32_1.4.0.202007081208/tools/bin/../lib/gcc/arm-none-eabi/7.3.1/thumb/v7-m/crtbegin.o
 .ARM.attributes
                0x000000000000004a       0x33 STM32F103C6_DRIVERS/STM32F103C6_EXTI_DRIVER.o
 .ARM.attributes
                0x000000000000007d       0x33 STM32F103C6_DRIVERS/STM32F103C6_GPIO_DRIVER.o
 .ARM.attributes
                0x00000000000000b0       0x33 STM32F103C6_DRIVERS/STM32F103C6_RCC_DRIVER.o
 .ARM.attributes
                0x00000000000000e3       0x33 STM32F103C6_DRIVERS/STM32F103C6_USART_DRIVER.o
 .ARM.attributes
                0x0000000000000116       0x33 Src/main.o
 .ARM.attributes
                0x0000000000000149       0x21 Startup/startup_stm32f103c6tx.o
 .ARM.attributes
                0x000000000000016a       0x2d c:/st/stm32cubeide_1.4.0/stm32cubeide/plugins/com.st.stm32cube.ide.mcu.externaltools.gnu-tools-for-stm32.7-2018-q2-update.win32_1.4.0.202007081208/tools/bin/../lib/gcc/arm-none-eabi/7.3.1/../../../../arm-none-eabi/lib/thumb/v7-m\libc_nano.a(lib_a-init.o)
 .ARM.attributes
                0x0000000000000197       0x1d c:/st/stm32cubeide_1.4.0/stm32cubeide/plugins/com.st.stm32cube.ide.mcu.externaltools.gnu-tools-for-stm32.7-2018-q2-update.win32_1.4.0.202007081208/tools/bin/../lib/gcc/arm-none-eabi/7.3.1/thumb/v7-m/crtn.o
OUTPUT(DRIVERS.elf elf32-littlearm)

.debug_info     0x0000000000000000     0x3ff7
 .debug_info    0x0000000000000000      0xdc8 STM32F103C6_DRIVERS/STM32F103C6_EXTI_DRIVER.o
 .debug_info    0x0000000000000dc8      0xcc4 STM32F103C6_DRIVERS/STM32F103C6_GPIO_DRIVER.o
 .debug_info    0x0000000000001a8c      0xb30 STM32F103C6_DRIVERS/STM32F103C6_RCC_DRIVER.o
 .debug_info    0x00000000000025bc      0xe26 STM32F103C6_DRIVERS/STM32F103C6_USART_DRIVER.o
 .debug_info    0x00000000000033e2      0xbf3 Src/main.o
 .debug_info    0x0000000000003fd5       0x22 Startup/startup_stm32f103c6tx.o

.debug_abbrev   0x0000000000000000      0xa13
 .debug_abbrev  0x0000000000000000      0x228 STM32F103C6_DRIVERS/STM32F103C6_EXTI_DRIVER.o
 .debug_abbrev  0x0000000000000228      0x227 STM32F103C6_DRIVERS/STM32F103C6_GPIO_DRIVER.o
 .debug_abbrev  0x000000000000044f      0x19b STM32F103C6_DRIVERS/STM32F103C6_RCC_DRIVER.o
 .debug_abbrev  0x00000000000005ea      0x23d STM32F103C6_DRIVERS/STM32F103C6_USART_DRIVER.o
 .debug_abbrev  0x0000000000000827      0x1da Src/main.o
 .debug_abbrev  0x0000000000000a01       0x12 Startup/startup_stm32f103c6tx.o

.debug_loc      0x0000000000000000      0xa54
 .debug_loc     0x0000000000000000      0x320 STM32F103C6_DRIVERS/STM32F103C6_EXTI_DRIVER.o
 .debug_loc     0x0000000000000320      0x330 STM32F103C6_DRIVERS/STM32F103C6_GPIO_DRIVER.o
 .debug_loc     0x0000000000000650       0xc8 STM32F103C6_DRIVERS/STM32F103C6_RCC_DRIVER.o
 .debug_loc     0x0000000000000718      0x294 STM32F103C6_DRIVERS/STM32F103C6_USART_DRIVER.o
 .debug_loc     0x00000000000009ac       0xa8 Src/main.o

.debug_aranges  0x0000000000000000      0x1d0
 .debug_aranges
                0x0000000000000000       0x80 STM32F103C6_DRIVERS/STM32F103C6_EXTI_DRIVER.o
 .debug_aranges
                0x0000000000000080       0x60 STM32F103C6_DRIVERS/STM32F103C6_GPIO_DRIVER.o
 .debug_aranges
                0x00000000000000e0       0x38 STM32F103C6_DRIVERS/STM32F103C6_RCC_DRIVER.o
 .debug_aranges
                0x0000000000000118       0x60 STM32F103C6_DRIVERS/STM32F103C6_USART_DRIVER.o
 .debug_aranges
                0x0000000000000178       0x30 Src/main.o
 .debug_aranges
                0x00000000000001a8       0x28 Startup/startup_stm32f103c6tx.o

.debug_ranges   0x0000000000000000      0x178
 .debug_ranges  0x0000000000000000       0x70 STM32F103C6_DRIVERS/STM32F103C6_EXTI_DRIVER.o
 .debug_ranges  0x0000000000000070       0x50 STM32F103C6_DRIVERS/STM32F103C6_GPIO_DRIVER.o
 .debug_ranges  0x00000000000000c0       0x28 STM32F103C6_DRIVERS/STM32F103C6_RCC_DRIVER.o
 .debug_ranges  0x00000000000000e8       0x50 STM32F103C6_DRIVERS/STM32F103C6_USART_DRIVER.o
 .debug_ranges  0x0000000000000138       0x20 Src/main.o
 .debug_ranges  0x0000000000000158       0x20 Startup/startup_stm32f103c6tx.o

.debug_macro    0x0000000000000000      0xcf3
 .debug_macro   0x0000000000000000      0x245 STM32F103C6_DRIVERS/STM32F103C6_EXTI_DRIVER.o
 .debug_macro   0x0000000000000245      0x237 STM32F103C6_DRIVERS/STM32F103C6_GPIO_DRIVER.o
 .debug_macro   0x000000000000047c      0x23f STM32F103C6_DRIVERS/STM32F103C6_RCC_DRIVER.o
 .debug_macro   0x00000000000006bb      0x23b STM32F103C6_DRIVERS/STM32F103C6_USART_DRIVER.o
 .debug_macro   0x00000000000008f6       0xd6 STM32F103C6_DRIVERS/STM32F103C6_USART_DRIVER.o
 .debug_macro   0x00000000000009cc       0xfa STM32F103C6_DRIVERS/STM32F103C6_USART_DRIVER.o
 .debug_macro   0x0000000000000ac6      0x22d Src/main.o

.debug_line     0x0000000000000000     0x2548
 .debug_line    0x0000000000000000      0x83d STM32F103C6_DRIVERS/STM32F103C6_EXTI_DRIVER.o
 .debug_line    0x000000000000083d      0x785 STM32F103C6_DRIVERS/STM32F103C6_GPIO_DRIVER.o
 .debug_line    0x0000000000000fc2      0x6c9 STM32F103C6_DRIVERS/STM32F103C6_RCC_DRIVER.o
 .debug_line    0x000000000000168b      0x799 STM32F103C6_DRIVERS/STM32F103C6_USART_DRIVER.o
 .debug_line    0x0000000000001e24      0x6a0 Src/main.o
 .debug_line    0x00000000000024c4       0x84 Startup/startup_stm32f103c6tx.o

.debug_str      0x0000000000000000     0xae30
 .debug_str     0x0000000000000000     0xa9ed STM32F103C6_DRIVERS/STM32F103C6_EXTI_DRIVER.o
                                       0xac5d (size before relaxing)
 .debug_str     0x000000000000a9ed      0x122 STM32F103C6_DRIVERS/STM32F103C6_GPIO_DRIVER.o
                                       0xab08 (size before relaxing)
 .debug_str     0x000000000000ab0f       0xfa STM32F103C6_DRIVERS/STM32F103C6_RCC_DRIVER.o
                                       0xaa6d (size before relaxing)
 .debug_str     0x000000000000ac09      0x1be STM32F103C6_DRIVERS/STM32F103C6_USART_DRIVER.o
                                       0xabfb (size before relaxing)
 .debug_str     0x000000000000adc7       0x38 Src/main.o
                                       0xaab2 (size before relaxing)
 .debug_str     0x000000000000adff       0x31 Startup/startup_stm32f103c6tx.o
                                         0x6e (size before relaxing)

.comment        0x0000000000000000       0x7b
 .comment       0x0000000000000000       0x7b STM32F103C6_DRIVERS/STM32F103C6_EXTI_DRIVER.o
                                         0x7c (size before relaxing)
 .comment       0x000000000000007b       0x7c STM32F103C6_DRIVERS/STM32F103C6_GPIO_DRIVER.o
 .comment       0x000000000000007b       0x7c STM32F103C6_DRIVERS/STM32F103C6_RCC_DRIVER.o
 .comment       0x000000000000007b       0x7c STM32F103C6_DRIVERS/STM32F103C6_USART_DRIVER.o
 .comment       0x000000000000007b       0x7c Src/main.o

.debug_frame    0x0000000000000000      0x590
 .debug_frame   0x0000000000000000      0x1b0 STM32F103C6_DRIVERS/STM32F103C6_EXTI_DRIVER.o
 .debug_frame   0x00000000000001b0      0x178 STM32F103C6_DRIVERS/STM32F103C6_GPIO_DRIVER.o
 .debug_frame   0x0000000000000328       0x84 STM32F103C6_DRIVERS/STM32F103C6_RCC_DRIVER.o
 .debug_frame   0x00000000000003ac      0x14c STM32F103C6_DRIVERS/STM32F103C6_USART_DRIVER.o
 .debug_frame   0x00000000000004f8       0x6c Src/main.o
 .debug_frame   0x0000000000000564       0x2c c:/st/stm32cubeide_1.4.0/stm32cubeide/plugins/com.st.stm32cube.ide.mcu.externaltools.gnu-tools-for-stm32.7-2018-q2-update.win32_1.4.0.202007081208/tools/bin/../lib/gcc/arm-none-eabi/7.3.1/../../../../arm-none-eabi/lib/thumb/v7-m\libc_nano.a(lib_a-init.o)
