Archive member included to satisfy reference by file (symbol)

c:/st/stm32cubeide_1.4.0/stm32cubeide/plugins/com.st.stm32cube.ide.mcu.externaltools.gnu-tools-for-stm32.7-2018-q2-update.win32_1.4.0.202007081208/tools/bin/../lib/gcc/arm-none-eabi/7.3.1/../../../../arm-none-eabi/lib/thumb/v7-m\libc_nano.a(lib_a-errno.o)
                              Src/syscalls.o (__errno)
c:/st/stm32cubeide_1.4.0/stm32cubeide/plugins/com.st.stm32cube.ide.mcu.externaltools.gnu-tools-for-stm32.7-2018-q2-update.win32_1.4.0.202007081208/tools/bin/../lib/gcc/arm-none-eabi/7.3.1/../../../../arm-none-eabi/lib/thumb/v7-m\libc_nano.a(lib_a-exit.o)
                              c:/st/stm32cubeide_1.4.0/stm32cubeide/plugins/com.st.stm32cube.ide.mcu.externaltools.gnu-tools-for-stm32.7-2018-q2-update.win32_1.4.0.202007081208/tools/bin/../lib/gcc/arm-none-eabi/7.3.1/../../../../arm-none-eabi/lib/thumb/v7-m/crt0.o (exit)
c:/st/stm32cubeide_1.4.0/stm32cubeide/plugins/com.st.stm32cube.ide.mcu.externaltools.gnu-tools-for-stm32.7-2018-q2-update.win32_1.4.0.202007081208/tools/bin/../lib/gcc/arm-none-eabi/7.3.1/../../../../arm-none-eabi/lib/thumb/v7-m\libc_nano.a(lib_a-impure.o)
                              c:/st/stm32cubeide_1.4.0/stm32cubeide/plugins/com.st.stm32cube.ide.mcu.externaltools.gnu-tools-for-stm32.7-2018-q2-update.win32_1.4.0.202007081208/tools/bin/../lib/gcc/arm-none-eabi/7.3.1/../../../../arm-none-eabi/lib/thumb/v7-m\libc_nano.a(lib_a-exit.o) (_global_impure_ptr)
c:/st/stm32cubeide_1.4.0/stm32cubeide/plugins/com.st.stm32cube.ide.mcu.externaltools.gnu-tools-for-stm32.7-2018-q2-update.win32_1.4.0.202007081208/tools/bin/../lib/gcc/arm-none-eabi/7.3.1/../../../../arm-none-eabi/lib/thumb/v7-m\libc_nano.a(lib_a-init.o)
                              c:/st/stm32cubeide_1.4.0/stm32cubeide/plugins/com.st.stm32cube.ide.mcu.externaltools.gnu-tools-for-stm32.7-2018-q2-update.win32_1.4.0.202007081208/tools/bin/../lib/gcc/arm-none-eabi/7.3.1/../../../../arm-none-eabi/lib/thumb/v7-m/crt0.o (__libc_init_array)
c:/st/stm32cubeide_1.4.0/stm32cubeide/plugins/com.st.stm32cube.ide.mcu.externaltools.gnu-tools-for-stm32.7-2018-q2-update.win32_1.4.0.202007081208/tools/bin/../lib/gcc/arm-none-eabi/7.3.1/../../../../arm-none-eabi/lib/thumb/v7-m\libc_nano.a(lib_a-memset.o)
                              c:/st/stm32cubeide_1.4.0/stm32cubeide/plugins/com.st.stm32cube.ide.mcu.externaltools.gnu-tools-for-stm32.7-2018-q2-update.win32_1.4.0.202007081208/tools/bin/../lib/gcc/arm-none-eabi/7.3.1/../../../../arm-none-eabi/lib/thumb/v7-m/crt0.o (memset)

Allocating common symbols
Common symbol       size              file

CH                  0x4               Src/main.o
GP_IRQ_CALLBACK     0x3c              STM32F103C6_DRIVERS/STM32F103C6_EXTI_DRIVER.o
PINCFG              0x4               HAL/Includes/lcd.o

Discarded input sections

 .text          0x0000000000000000        0x0 c:/st/stm32cubeide_1.4.0/stm32cubeide/plugins/com.st.stm32cube.ide.mcu.externaltools.gnu-tools-for-stm32.7-2018-q2-update.win32_1.4.0.202007081208/tools/bin/../lib/gcc/arm-none-eabi/7.3.1/thumb/v7-m/crti.o
 .data          0x0000000000000000        0x0 c:/st/stm32cubeide_1.4.0/stm32cubeide/plugins/com.st.stm32cube.ide.mcu.externaltools.gnu-tools-for-stm32.7-2018-q2-update.win32_1.4.0.202007081208/tools/bin/../lib/gcc/arm-none-eabi/7.3.1/thumb/v7-m/crti.o
 .bss           0x0000000000000000        0x0 c:/st/stm32cubeide_1.4.0/stm32cubeide/plugins/com.st.stm32cube.ide.mcu.externaltools.gnu-tools-for-stm32.7-2018-q2-update.win32_1.4.0.202007081208/tools/bin/../lib/gcc/arm-none-eabi/7.3.1/thumb/v7-m/crti.o
 .data          0x0000000000000000        0x4 c:/st/stm32cubeide_1.4.0/stm32cubeide/plugins/com.st.stm32cube.ide.mcu.externaltools.gnu-tools-for-stm32.7-2018-q2-update.win32_1.4.0.202007081208/tools/bin/../lib/gcc/arm-none-eabi/7.3.1/thumb/v7-m/crtbegin.o
 .text          0x0000000000000000       0x74 c:/st/stm32cubeide_1.4.0/stm32cubeide/plugins/com.st.stm32cube.ide.mcu.externaltools.gnu-tools-for-stm32.7-2018-q2-update.win32_1.4.0.202007081208/tools/bin/../lib/gcc/arm-none-eabi/7.3.1/../../../../arm-none-eabi/lib/thumb/v7-m/crt0.o
 .data          0x0000000000000000        0x0 c:/st/stm32cubeide_1.4.0/stm32cubeide/plugins/com.st.stm32cube.ide.mcu.externaltools.gnu-tools-for-stm32.7-2018-q2-update.win32_1.4.0.202007081208/tools/bin/../lib/gcc/arm-none-eabi/7.3.1/../../../../arm-none-eabi/lib/thumb/v7-m/crt0.o
 .bss           0x0000000000000000        0x0 c:/st/stm32cubeide_1.4.0/stm32cubeide/plugins/com.st.stm32cube.ide.mcu.externaltools.gnu-tools-for-stm32.7-2018-q2-update.win32_1.4.0.202007081208/tools/bin/../lib/gcc/arm-none-eabi/7.3.1/../../../../arm-none-eabi/lib/thumb/v7-m/crt0.o
 .ARM.extab     0x0000000000000000        0x0 c:/st/stm32cubeide_1.4.0/stm32cubeide/plugins/com.st.stm32cube.ide.mcu.externaltools.gnu-tools-for-stm32.7-2018-q2-update.win32_1.4.0.202007081208/tools/bin/../lib/gcc/arm-none-eabi/7.3.1/../../../../arm-none-eabi/lib/thumb/v7-m/crt0.o
[...]
Memory Configuration

Name             Origin             Length             Attributes
RAM              0x0000000020000000 0x0000000000002800 xrw
ROM              0x0000000008000000 0x0000000000008000 xr
*default*        0x0000000000000000 0xffffffffffffffff

Linker script and memory map

LOAD c:/st/stm32cubeide_1.4.0/stm32cubeide/plugins/com.st.stm32cube.ide.mcu.externaltools.gnu-tools-for-stm32.7-2018-q2-update.win32_1.4.0.202007081208/tools/bin/../lib/gcc/arm-none-eabi/7.3.1/thumb/v7-m/crti.o
LOAD c:/st/stm32cubeide_1.4.0/stm32cubeide/plugins/com.st.stm32cube.ide.mcu.externaltools.gnu-tools-for-stm32.7-2018-q2-update.win32_1.4.0.202007081208/tools/bin/../lib/gcc/arm-none-eabi/7.3.1/thumb/v7-m/crtbegin.o
LOAD c:/st/stm32cubeide_1.4.0/stm32cubeide/plugins/com.st.stm32cube.ide.mcu.externaltools.gnu-tools-for-stm32.7-2018-q2-update.win32_1.4.0.202007081208/tools/bin/../lib/gcc/arm-none-eabi/7.3.1/../../../../arm-none-eabi/lib/thumb/v7-m/crt0.o
LOAD HAL/Includes/keypad.o
LOAD HAL/Includes/lcd.o
LOAD STM32F103C6_DRIVERS/STM32F103C6_EXTI_DRIVER.o
LOAD STM32F103C6_DRIVERS/STM32F103C6_GPIO_DRIVER.o
LOAD STM32F103C6_DRIVERS/STM32F103C6_RCC_DRIVER.o
LOAD STM32F103C6_DRIVERS/STM32F103C6_SPI_DRIVER.o
LOAD STM32F103C6_DRIVERS/STM32F103C6_USART_DRIVER.o
LOAD Src/main.o
LOAD Src/syscalls.o
LOAD Src/sysmem.o
LOAD Startup/startup_stm32f103c6tx.o
START GROUP
LOAD c:/st/stm32cubeide_1.4.0/stm32cubeide/plugins/com.st.stm32cube.ide.mcu.externaltools.gnu-tools-for-stm32.7-2018-q2-update.win32_1.4.0.202007081208/tools/bin/../lib/gcc/arm-none-eabi/7.3.1/../../../../arm-none-eabi/lib/thumb/v7-m\libc_nano.a
LOAD c:/st/stm32cubeide_1.4.0/stm32cubeide/plugins/com.st.stm32cube.ide.mcu.externaltools.gnu-tools-for-stm32.7-2018-q2-update.win32_1.4.0.202007081208/tools/bin/../lib/gcc/arm-none-eabi/7.3.1/../../../../arm-none-eabi/lib/thumb/v7-m\libm.a
END GROUP
START GROUP
LOAD c:/st/stm32cubeide_1.4.0/stm32cubeide/plugins/com.st.stm32cube.ide.mcu.externaltools.gnu-tools-for-stm32.7-2018-q2-update.win32_1.4.0.202007081208/tools/bin/../lib/gcc/arm-none-eabi/7.3.1/thumb/v7-m\libgcc.a
LOAD c:/st/stm32cubeide_1.4.0/stm32cubeide/plugins/com.st.stm32cube.ide.mcu.externaltools.gnu-tools-for-stm32.7-2018-q2-update.win32_1.4.0.202007081208/tools/bin/../lib/gcc/arm-none-eabi/7.3.1/../../../../arm-none-eabi/lib/thumb/v7-m\libg_nano.a
LOAD c:/st/stm32cubeide_1.4.0/stm32cubeide/plugins/com.st.stm32cube.ide.mcu.externaltools.gnu-tools-for-stm32.7-2018-q2-update.win32_1.4.0.202007081208/tools/bin/../lib/gcc/arm-none-eabi/7.3.1/../../../../arm-none-eabi/lib/thumb/v7-m\libc_nano.a
END GROUP
START GROUP
LOAD c:/st/stm32cubeide_1.4.0/stm32cubeide/plugins/com.st.stm32cube.ide.mcu.externaltools.gnu-tools-for-stm32.7-2018-q2-update.win32_1.4.0.202007081208/tools/bin/../lib/gcc/arm-none-eabi/7.3.1/thumb/v7-m\libgcc.a
LOAD c:/st/stm32cubeide_1.4.0/stm32cubeide/plugins/com.st.stm32cube.ide.mcu.externaltools.gnu-tools-for-stm32.7-2018-q2-update.win32_1.4.0.202007081208/tools/bin/../lib/gcc/arm-none-eabi/7.3.1/../../../../arm-none-eabi/lib/thumb/v7-m\libc_nano.a
LOAD c:/st/stm32cubeide_1.4.0/stm32cubeide/plugins/com.st.stm32cube.ide.mcu.externaltools.gnu-tools-for-stm32.7-2018-q2-update.win32_1.4.0.202007081208/tools/bin/../lib/gcc/arm-none-eabi/7.3.1/../../../../arm-none-eabi/lib/thumb/v7-m\libnosys.a
END GROUP
START GROUP
LOAD c:/st/stm32cubeide_1.4.0/stm32cubeide/plugins/com.st.stm32cube.ide.mcu.externaltools.gnu-tools-for-stm32.7-2018-q2-update.win32_1.4.0.202007081208/tools/bin/../lib/gcc/arm-none-eabi/7.3.1/thumb/v7-m\libgcc.a
LOAD c:/st/stm32cubeide_1.4.0/stm32cubeide/plugins/com.st.stm32cube.ide.mcu.externaltools.gnu-tools-for-stm32.7-2018-q2-update.win32_1.4.0.202007081208/tools/bin/../lib/gcc/arm-none-eabi/7.3.1/../../../../arm-none-eabi/lib/thumb/v7-m\libc_nano.a
LOAD c:/st/stm32cubeide_1.4.0/stm32cubeide/plugins/com.st.stm32cube.ide.mcu.externaltools.gnu-tools-for-stm32.7-2018-q2-update.win32_1.4.0.202007081208/tools/bin/../lib/gcc/arm-none-eabi/7.3.1/../../../../arm-none-eabi/lib/thumb/v7-m\libnosys.a
END GROUP
LOAD c:/st/stm32cubeide_1.4.0/stm32cubeide/plugins/com.st.stm32cube.ide.mcu.externaltools.gnu-tools-for-stm32.7-2018-q2-update.win32_1.4.0.202007081208/tools/bin/../lib/gcc/arm-none-eabi/7.3.1/thumb/v7-m/crtend.o
LOAD c:/st/stm32cubeide_1.4.0/stm32cubeide/plugins/com.st.stm32cube.ide.mcu.externaltools.gnu-tools-for-stm32.7-2018-q2-update.win32_1.4.0.202007081208/tools/bin/../lib/gcc/arm-none-eabi/7.3.1/thumb/v7-m/crtn.o
                0x0000000020002800                _estack = (ORIGIN (RAM) + LENGTH (RAM))
                0x0000000000000200                _Min_Heap_Size = 0x200
                0x0000000000000400                _Min_Stack_Size = 0x400

.isr_vector     0x0000000008000000      0x130
                0x0000000008000000                . = ALIGN (0x4)
 *(.isr_vector)
 .isr_vector    0x0000000008000000      0x130 Startup/startup_stm32f103c6tx.o
                0x0000000008000000                g_pfnVectors
                0x0000000008000130                . = ALIGN (0x4)

.text           0x0000000008000130      0xe64
                0x0000000008000130                . = ALIGN (0x4)
 *(.text)
 .text          0x0000000008000130       0x40 c:/st/stm32cubeide_1.4.0/stm32cubeide/plugins/com.st.stm32cube.ide.mcu.externaltools.gnu-tools-for-stm32.7-2018-q2-update.win32_1.4.0.202007081208/tools/bin/../lib/gcc/arm-none-eabi/7.3.1/thumb/v7-m/crtbegin.o
 *(.text*)
 .text.EXTI0_IRQHandler
                0x0000000008000170       0x1c STM32F103C6_DRIVERS/STM32F103C6_EXTI_DRIVER.o
                0x0000000008000170                EXTI0_IRQHandler
 .text.EXTI1_IRQHandler
                0x000000000800018c       0x24 STM32F103C6_DRIVERS/STM32F103C6_EXTI_DRIVER.o
                0x000000000800018c                EXTI1_IRQHandler
 .text.EXTI2_IRQHandler
                0x00000000080001b0       0x24 STM32F103C6_DRIVERS/STM32F103C6_EXTI_DRIVER.o
                0x00000000080001b0                EXTI2_IRQHandler
 .text.EXTI3_IRQHandler
                0x00000000080001d4       0x24 STM32F103C6_DRIVERS/STM32F103C6_EXTI_DRIVER.o
                0x00000000080001d4                EXTI3_IRQHandler
 .text.EXTI4_IRQHandler
                0x00000000080001f8       0x24 STM32F103C6_DRIVERS/STM32F103C6_EXTI_DRIVER.o
                0x00000000080001f8                EXTI4_IRQHandler
 .text.EXTI9_5_IRQHandler
                0x000000000800021c       0xa8 STM32F103C6_DRIVERS/STM32F103C6_EXTI_DRIVER.o
                0x000000000800021c                EXTI9_5_IRQHandler
 .text.EXTI15_10_IRQHandler
                0x00000000080002c4       0xc4 STM32F103C6_DRIVERS/STM32F103C6_EXTI_DRIVER.o
                0x00000000080002c4                EXTI15_10_IRQHandler
 .text.GET_CRLH_POSITION
                0x0000000008000388       0xc6 STM32F103C6_DRIVERS/STM32F103C6_GPIO_DRIVER.o
                0x0000000008000388                GET_CRLH_POSITION
 .text.MCAL_GPIO_INIT
                0x000000000800044e       0xfe STM32F103C6_DRIVERS/STM32F103C6_GPIO_DRIVER.o
                0x000000000800044e                MCAL_GPIO_INIT
 .text.MCAL_GPIO_WRITEPIN
                0x000000000800054c       0x2e STM32F103C6_DRIVERS/STM32F103C6_GPIO_DRIVER.o
                0x000000000800054c                MCAL_GPIO_WRITEPIN
 *fill*         0x000000000800057a        0x2 
 .text.MCAL_RCC_SYSCLCK_GETFREQ
                0x000000000800057c       0x3c STM32F103C6_DRIVERS/STM32F103C6_RCC_DRIVER.o
                0x000000000800057c                MCAL_RCC_SYSCLCK_GETFREQ
 .text.MCAL_RCC_HCLCK_GETFREQ
                0x00000000080005b8       0x28 STM32F103C6_DRIVERS/STM32F103C6_RCC_DRIVER.o
                0x00000000080005b8                MCAL_RCC_HCLCK_GETFREQ
 .text.MCAL_RCC_PCLCK1_GETFREQ
                0x00000000080005e0       0x28 STM32F103C6_DRIVERS/STM32F103C6_RCC_DRIVER.o
                0x00000000080005e0                MCAL_RCC_PCLCK1_GETFREQ
 .text.MCAL_RCC_PCLCK2_GETFREQ
                0x0000000008000608       0x28 STM32F103C6_DRIVERS/STM32F103C6_RCC_DRIVER.o
                0x0000000008000608                MCAL_RCC_PCLCK2_GETFREQ
 .text.MCAL_SPI_INIT
                0x0000000008000630      0x118 STM32F103C6_DRIVERS/STM32F103C6_SPI_DRIVER.o
                0x0000000008000630                MCAL_SPI_INIT
 .text.MCAL_SPI_GPIO_SETPIN
                0x0000000008000748      0x20c STM32F103C6_DRIVERS/STM32F103C6_SPI_DRIVER.o
                0x0000000008000748                MCAL_SPI_GPIO_SETPIN
 .text.MCAL_SPI_TX_RX
                0x0000000008000954       0x54 STM32F103C6_DRIVERS/STM32F103C6_SPI_DRIVER.o
                0x0000000008000954                MCAL_SPI_TX_RX
 .text.SPI1_IRQHandler
                0x00000000080009a8       0x5c STM32F103C6_DRIVERS/STM32F103C6_SPI_DRIVER.o
                0x00000000080009a8                SPI1_IRQHandler
 .text.SPI2_IRQHandler
                0x0000000008000a04       0x5c STM32F103C6_DRIVERS/STM32F103C6_SPI_DRIVER.o
                0x0000000008000a04                SPI2_IRQHandler
 .text.MCAL_USART_INIT
                0x0000000008000a60      0x18c STM32F103C6_DRIVERS/STM32F103C6_USART_DRIVER.o
                0x0000000008000a60                MCAL_USART_INIT
 .text.MCAL_USART_GPIO_SETPIN
                0x0000000008000bec       0xcc STM32F103C6_DRIVERS/STM32F103C6_USART_DRIVER.o
                0x0000000008000bec                MCAL_USART_GPIO_SETPIN
 .text.MCAL_USART_SEND
                0x0000000008000cb8       0x36 STM32F103C6_DRIVERS/STM32F103C6_USART_DRIVER.o
                0x0000000008000cb8                MCAL_USART_SEND
 *fill*         0x0000000008000cee        0x2 
 .text.MCAL_USART_RECIEVE
                0x0000000008000cf0       0x5c STM32F103C6_DRIVERS/STM32F103C6_USART_DRIVER.o
                0x0000000008000cf0                MCAL_USART_RECIEVE
 .text.USART1_IRQHandler
                0x0000000008000d4c       0x14 STM32F103C6_DRIVERS/STM32F103C6_USART_DRIVER.o
                0x0000000008000d4c                USART1_IRQHandler
 .text.USART2_IRQHandler
                0x0000000008000d60       0x14 STM32F103C6_DRIVERS/STM32F103C6_USART_DRIVER.o
                0x0000000008000d60                USART2_IRQHandler
 .text.USART3_IRQHandler
                0x0000000008000d74       0x14 STM32F103C6_DRIVERS/STM32F103C6_USART_DRIVER.o
                0x0000000008000d74                USART3_IRQHandler
 .text.Clock_init
                0x0000000008000d88       0x34 Src/main.o
                0x0000000008000d88                Clock_init
 .text.SPI_IRQ_Callback
                0x0000000008000dbc       0x44 Src/main.o
                0x0000000008000dbc                SPI_IRQ_Callback
 .text.UART_IRQ_Callback
                0x0000000008000e00       0x4c Src/main.o
                0x0000000008000e00                UART_IRQ_Callback
 .text.main     0x0000000008000e4c       0x94 Src/main.o
                0x0000000008000e4c                main
 .text.Reset_Handler
                0x0000000008000ee0       0x50 Startup/startup_stm32f103c6tx.o
                0x0000000008000ee0                Reset_Handler
 .text.Default_Handler
                0x0000000008000f30        0x2 Startup/startup_stm32f103c6tx.o
                0x0000000008000f30                TIM8_TRG_COM_IRQHandler
                0x0000000008000f30                TIM8_CC_IRQHandler
                0x0000000008000f30                DebugMon_Handler
                0x0000000008000f30                TIM1_CC_IRQHandler
                0x0000000008000f30                HardFault_Handler
                0x0000000008000f30                TIM6_IRQHandler
                0x0000000008000f30                SysTick_Handler
                0x0000000008000f30                PVD_IRQHandler
                0x0000000008000f30                SDIO_IRQHandler
                0x0000000008000f30                PendSV_Handler
                0x0000000008000f30                NMI_Handler
                0x0000000008000f30                USB_HP_CAN_TX_IRQHandler
                0x0000000008000f30                I2C2_EV_IRQHandler
                0x0000000008000f30                UsageFault_Handler
                0x0000000008000f30                ADC1_2_IRQHandler
                0x0000000008000f30                CAN_SCE_IRQHandler
                0x0000000008000f30                TAMPER_IRQHandler
                0x0000000008000f30                TIM8_UP_IRQHandler
                0x0000000008000f30                DMA2_Channel2_IRQHandler
                0x0000000008000f30                DMA1_Channel4_IRQHandler
                0x0000000008000f30                RTC_IRQHandler
                0x0000000008000f30                DMA1_Channel7_IRQHandler
                0x0000000008000f30                UART5_IRQHandler
                0x0000000008000f30                ADC3_IRQHandler
                0x0000000008000f30                TIM4_IRQHandler
                0x0000000008000f30                CAN_RX1_IRQHandler
                0x0000000008000f30                DMA2_Channel1_IRQHandler
                0x0000000008000f30                I2C1_EV_IRQHandler
                0x0000000008000f30                DMA1_Channel6_IRQHandler
                0x0000000008000f30                UART4_IRQHandler
                0x0000000008000f30                TIM3_IRQHandler
                0x0000000008000f30                RCC_IRQHandler
                0x0000000008000f30                TIM1_TRG_COM_IRQHandler
                0x0000000008000f30                DMA1_Channel1_IRQHandler
                0x0000000008000f30                Default_Handler
                0x0000000008000f30                TIM7_IRQHandler
                0x0000000008000f30                TIM5_IRQHandler
                0x0000000008000f30                USB_LP_CAN_RX0_IRQHandler
                0x0000000008000f30                MemManage_Handler
                0x0000000008000f30                SVC_Handler
                0x0000000008000f30                DMA1_Channel5_IRQHandler
                0x0000000008000f30                DMA1_Channel3_IRQHandler
                0x0000000008000f30                FSMC_IRQHandler
                0x0000000008000f30                TIM1_UP_IRQHandler
                0x0000000008000f30                WWDG_IRQHandler
                0x0000000008000f30                TIM2_IRQHandler
                0x0000000008000f30                TIM1_BRK_IRQHandler
                0x0000000008000f30                RTCAlarm_IRQHandler
                0x0000000008000f30                DMA2_Channel4_5_IRQHandler
                0x0000000008000f30                I2C2_ER_IRQHandler
                0x0000000008000f30                DMA1_Channel2_IRQHandler
                0x0000000008000f30                TIM8_BRK_IRQHandler
                0x0000000008000f30                FLASH_IRQHandler
                0x0000000008000f30                BusFault_Handler
                0x0000000008000f30                SPI3_IRQHandler
                0x0000000008000f30                I2C1_ER_IRQHandler
                0x0000000008000f30                DMA2_Channel3_IRQHandler
 *fill*         0x0000000008000f32        0x2 
 .text.__libc_init_array
                0x0000000008000f34       0x48 c:/st/stm32cubeide_1.4.0/stm32cubeide/plugins/com.st.stm32cube.ide.mcu.externaltools.gnu-tools-for-stm32.7-2018-q2-update.win32_1.4.0.202007081208/tools/bin/../lib/gcc/arm-none-eabi/7.3.1/../../../../arm-none-eabi/lib/thumb/v7-m\libc_nano.a(lib_a-init.o)
                0x0000000008000f34                __libc_init_array
 *(.glue_7)
 .glue_7        0x0000000008000f7c        0x0 linker stubs
 *(.glue_7t)
 .glue_7t       0x0000000008000f7c        0x0 linker stubs
 *(.eh_frame)
 .eh_frame      0x0000000008000f7c        0x0 c:/st/stm32cubeide_1.4.0/stm32cubeide/plugins/com.st.stm32cube.ide.mcu.externaltools.gnu-tools-for-stm32.7-2018-q2-update.win32_1.4.0.202007081208/tools/bin/../lib/gcc/arm-none-eabi/7.3.1/thumb/v7-m/crtbegin.o
 *(.init)
 .init          0x0000000008000f7c        0x4 c:/st/stm32cubeide_1.4.0/stm32cubeide/plugins/com.st.stm32cube.ide.mcu.externaltools.gnu-tools-for-stm32.7-2018-q2-update.win32_1.4.0.202007081208/tools/bin/../lib/gcc/arm-none-eabi/7.3.1/thumb/v7-m/crti.o
                0x0000000008000f7c                _init
 .init          0x0000000008000f80        0x8 c:/st/stm32cubeide_1.4.0/stm32cubeide/plugins/com.st.stm32cube.ide.mcu.externaltools.gnu-tools-for-stm32.7-2018-q2-update.win32_1.4.0.202007081208/tools/bin/../lib/gcc/arm-none-eabi/7.3.1/thumb/v7-m/crtn.o
 *(.fini)
 .fini          0x0000000008000f88        0x4 c:/st/stm32cubeide_1.4.0/stm32cubeide/plugins/com.st.stm32cube.ide.mcu.externaltools.gnu-tools-for-stm32.7-2018-q2-update.win32_1.4.0.202007081208/tools/bin/../lib/gcc/arm-none-eabi/7.3.1/thumb/v7-m/crti.o
                0x0000000008000f88                _fini
 .fini          0x0000000008000f8c        0x8 c:/st/stm32cubeide_1.4.0/stm32cubeide/plugins/com.st.stm32cube.ide.mcu.externaltools.gnu-tools-for-stm32.7-2018-q2-update.win32_1.4.0.202007081208/tools/bin/../lib/gcc/arm-none-eabi/7.3.1/thumb/v7-m/crtn.o
                0x0000000008000f94                . = ALIGN (0x4)
                0x0000000008000f94                _etext = .

.vfp11_veneer   0x0000000008000f94        0x0
 .vfp11_veneer  0x0000000008000f94        0x0 linker stubs

.v4_bx          0x0000000008000f94        0x0
 .v4_bx         0x0000000008000f94        0x0 linker stubs

.iplt           0x0000000008000f94        0x0
 .iplt          0x0000000008000f94        0x0 c:/st/stm32cubeide_1.4.0/stm32cubeide/plugins/com.st.stm32cube.ide.mcu.externaltools.gnu-tools-for-stm32.7-2018-q2-update.win32_1.4.0.202007081208/tools/bin/../lib/gcc/arm-none-eabi/7.3.1/thumb/v7-m/crtbegin.o

.rodata         0x0000000008000f94       0x1c
                0x0000000008000f94                . = ALIGN (0x4)
 *(.rodata)
 *(.rodata*)
 .rodata.APBPRESC_TABLE
                0x0000000008000f94        0x8 STM32F103C6_DRIVERS/STM32F103C6_RCC_DRIVER.o
                0x0000000008000f94                APBPRESC_TABLE
 .rodata.AHBPRESC_TABLE
                0x0000000008000f9c       0x11 STM32F103C6_DRIVERS/STM32F103C6_RCC_DRIVER.o
                0x0000000008000f9c                AHBPRESC_TABLE
                0x0000000008000fb0                . = ALIGN (0x4)
 *fill*         0x0000000008000fad        0x3 

.rel.dyn        0x0000000008000fb0        0x0
 .rel.iplt      0x0000000008000fb0        0x0 c:/st/stm32cubeide_1.4.0/stm32cubeide/plugins/com.st.stm32cube.ide.mcu.externaltools.gnu-tools-for-stm32.7-2018-q2-update.win32_1.4.0.202007081208/tools/bin/../lib/gcc/arm-none-eabi/7.3.1/thumb/v7-m/crtbegin.o

.ARM.extab      0x0000000008000fb0        0x0
                0x0000000008000fb0                . = ALIGN (0x4)
 *(.ARM.extab* .gnu.linkonce.armextab.*)
                0x0000000008000fb0                . = ALIGN (0x4)

.ARM            0x0000000008000fb0        0x0
                0x0000000008000fb0                . = ALIGN (0x4)
                0x0000000008000fb0                __exidx_start = .
 *(.ARM.exidx*)
                0x0000000008000fb0                __exidx_end = .
                0x0000000008000fb0                . = ALIGN (0x4)

.preinit_array  0x0000000008000fb0        0x0
                0x0000000008000fb0                . = ALIGN (0x4)
                0x0000000008000fb0                PROVIDE (__preinit_array_start = .)
 *(.preinit_array*)
                0x0000000008000fb0                PROVIDE (__preinit_array_end = .)
                0x0000000008000fb0                . = ALIGN (0x4)

.init_array     0x0000000008000fb0        0x4
                0x0000000008000fb0                . = ALIGN (0x4)
                0x0000000008000fb0                PROVIDE (__init_array_start = .)
 *(SORT_BY_NAME(.init_array.*))
 *(.init_array*)
 .init_array    0x0000000008000fb0        0x4 c:/st/stm32cubeide_1.4.0/stm32cubeide/plugins/com.st.stm32cube.ide.mcu.externaltools.gnu-tools-for-stm32.7-2018-q2-update.win32_1.4.0.202007081208/tools/bin/../lib/gcc/arm-none-eabi/7.3.1/thumb/v7-m/crtbegin.o
                0x0000000008000fb4                PROVIDE (__init_array_end = .)
                0x0000000008000fb4                . = ALIGN (0x4)

.fini_array     0x0000000008000fb4        0x4
                0x0000000008000fb4                . = ALIGN (0x4)
                [!provide]                        PROVIDE (__fini_array_start = .)
 *(SORT_BY_NAME(.fini_array.*))
 *(.fini_array*)
 .fini_array    0x0000000008000fb4        0x4 c:/st/stm32cubeide_1.4.0/stm32cubeide/plugins/com.st.stm32cube.ide.mcu.externaltools.gnu-tools-for-stm32.7-2018-q2-update.win32_1.4.0.202007081208/tools/bin/../lib/gcc/arm-none-eabi/7.3.1/thumb/v7-m/crtbegin.o
                [!provide]                        PROVIDE (__fini_array_end = .)
                0x0000000008000fb8                . = ALIGN (0x4)
                0x0000000008000fb8                _sidata = LOADADDR (.data)

.data           0x0000000020000000        0x0 load address 0x0000000008000fb8
                0x0000000020000000                . = ALIGN (0x4)
                0x0000000020000000                _sdata = .
 *(.data)
 *(.data*)
                0x0000000020000000                . = ALIGN (0x4)
                0x0000000020000000                _edata = .

.igot.plt       0x0000000020000000        0x0 load address 0x0000000008000fb8
 .igot.plt      0x0000000020000000        0x0 c:/st/stm32cubeide_1.4.0/stm32cubeide/plugins/com.st.stm32cube.ide.mcu.externaltools.gnu-tools-for-stm32.7-2018-q2-update.win32_1.4.0.202007081208/tools/bin/../lib/gcc/arm-none-eabi/7.3.1/thumb/v7-m/crtbegin.o
                0x0000000020000000                . = ALIGN (0x4)

.bss            0x0000000020000000       0x68 load address 0x0000000008000fb8
                0x0000000020000000                _sbss = .
                0x0000000020000000                __bss_start__ = _sbss
 *(.bss)
 .bss           0x0000000020000000       0x1c c:/st/stm32cubeide_1.4.0/stm32cubeide/plugins/com.st.stm32cube.ide.mcu.externaltools.gnu-tools-for-stm32.7-2018-q2-update.win32_1.4.0.202007081208/tools/bin/../lib/gcc/arm-none-eabi/7.3.1/thumb/v7-m/crtbegin.o
 *(.bss*)
 .bss.SPI_GLOBAL
                0x000000002000001c        0x8 STM32F103C6_DRIVERS/STM32F103C6_SPI_DRIVER.o
                0x000000002000001c                SPI_GLOBAL
 .bss.GLOBAL_UART_CONFIG
                0x0000000020000024        0x4 STM32F103C6_DRIVERS/STM32F103C6_USART_DRIVER.o
                0x0000000020000024                GLOBAL_UART_CONFIG
 *(COMMON)
 COMMON         0x0000000020000028       0x3c STM32F103C6_DRIVERS/STM32F103C6_EXTI_DRIVER.o
                0x0000000020000028                GP_IRQ_CALLBACK
 COMMON         0x0000000020000064        0x4 Src/main.o
                0x0000000020000064                CH
                0x0000000020000068                . = ALIGN (0x4)
                0x0000000020000068                _ebss = .
                0x0000000020000068                __bss_end__ = _ebss

._user_heap_stack
                0x0000000020000068      0x600 load address 0x0000000008000fb8
                0x0000000020000068                . = ALIGN (0x8)
                [!provide]                        PROVIDE (end = .)
                0x0000000020000068                PROVIDE (_end = .)
                0x0000000020000268                . = (. + _Min_Heap_Size)
 *fill*         0x0000000020000068      0x200 
                0x0000000020000668                . = (. + _Min_Stack_Size)
 *fill*         0x0000000020000268      0x400 
                0x0000000020000668                . = ALIGN (0x8)

/DISCARD/
 libc.a(*)
 libm.a(*)
 libgcc.a(*)

.ARM.attributes
                0x0000000000000000       0x29
 *(.ARM.attributes)
 .ARM.attributes
                0x0000000000000000       0x1d c:/st/stm32cubeide_1.4.0/stm32cubeide/plugins/com.st.stm32cube.ide.mcu.externaltools.gnu-tools-for-stm32.7-2018-q2-update.win32_1.4.0.202007081208/tools/bin/../lib/gcc/arm-none-eabi/7.3.1/thumb/v7-m/crti.o
 .ARM.attributes
                0x000000000000001d       0x2d c:/st/stm32cubeide_1.4.0/stm32cubeide/plugins/com.st.stm32cube.ide.mcu.externaltools.gnu-tools-for-stm32.7-2018-q2-update.win32_1.4.0.202007081208/tools/bin/../lib/gcc/arm-none-eabi/7.3.1/thumb/v7-m/crtbegin.o
 .ARM.attributes
                0x000000000000004a       0x33 STM32F103C6_DRIVERS/STM32F103C6_EXTI_DRIVER.o
 .ARM.attributes
                0x000000000000007d       0x33 STM32F103C6_DRIVERS/STM32F103C6_GPIO_DRIVER.o
 .ARM.attributes
                0x00000000000000b0       0x33 STM32F103C6_DRIVERS/STM32F103C6_RCC_DRIVER.o
 .ARM.attributes
                0x00000000000000e3       0x33 STM32F103C6_DRIVERS/STM32F103C6_SPI_DRIVER.o
 .ARM.attributes
                0x0000000000000116       0x33 STM32F103C6_DRIVERS/STM32F103C6_USART_DRIVER.o
 .ARM.attributes
                0x0000000000000149       0x33 Src/main.o
 .ARM.attributes
                0x000000000000017c       0x21 Startup/startup_stm32f103c6tx.o
 .ARM.attributes
                0x000000000000019d       0x2d c:/st/stm32cubeide_1.4.0/stm32cubeide/plugins/com.st.stm32cube.ide.mcu.externaltools.gnu-tools-for-stm32.7-2018-q2-update.win32_1.4.0.202007081208/tools/bin/../lib/gcc/arm-none-eabi/7.3.1/../../../../arm-none-eabi/lib/thumb/v7-m\libc_nano.a(lib_a-init.o)
 .ARM.attributes
                0x00000000000001ca       0x1d c:/st/stm32cubeide_1.4.0/stm32cubeide/plugins/com.st.stm32cube.ide.mcu.externaltools.gnu-tools-for-stm32.7-2018-q2-update.win32_1.4.0.202007081208/tools/bin/../lib/gcc/arm-none-eabi/7.3.1/thumb/v7-m/crtn.o
OUTPUT(DRIVERS.elf elf32-littlearm)

.debug_info     0x0000000000000000     0x516f
 .debug_info    0x0000000000000000      0xdc8 STM32F103C6_DRIVERS/STM32F103C6_EXTI_DRIVER.o
 .debug_info    0x0000000000000dc8      0xcc4 STM32F103C6_DRIVERS/STM32F103C6_GPIO_DRIVER.o
 .debug_info    0x0000000000001a8c      0xb30 STM32F103C6_DRIVERS/STM32F103C6_RCC_DRIVER.o
 .debug_info    0x00000000000025bc      0xf04 STM32F103C6_DRIVERS/STM32F103C6_SPI_DRIVER.o
 .debug_info    0x00000000000034c0      0xe26 STM32F103C6_DRIVERS/STM32F103C6_USART_DRIVER.o
 .debug_info    0x00000000000042e6      0xe67 Src/main.o
 .debug_info    0x000000000000514d       0x22 Startup/startup_stm32f103c6tx.o

.debug_abbrev   0x0000000000000000      0xccf
 .debug_abbrev  0x0000000000000000      0x228 STM32F103C6_DRIVERS/STM32F103C6_EXTI_DRIVER.o
 .debug_abbrev  0x0000000000000228      0x227 STM32F103C6_DRIVERS/STM32F103C6_GPIO_DRIVER.o
 .debug_abbrev  0x000000000000044f      0x19b STM32F103C6_DRIVERS/STM32F103C6_RCC_DRIVER.o
 .debug_abbrev  0x00000000000005ea      0x269 STM32F103C6_DRIVERS/STM32F103C6_SPI_DRIVER.o
 .debug_abbrev  0x0000000000000853      0x23d STM32F103C6_DRIVERS/STM32F103C6_USART_DRIVER.o
 .debug_abbrev  0x0000000000000a90      0x22d Src/main.o
 .debug_abbrev  0x0000000000000cbd       0x12 Startup/startup_stm32f103c6tx.o

.debug_loc      0x0000000000000000      0xd60
 .debug_loc     0x0000000000000000      0x320 STM32F103C6_DRIVERS/STM32F103C6_EXTI_DRIVER.o
 .debug_loc     0x0000000000000320      0x330 STM32F103C6_DRIVERS/STM32F103C6_GPIO_DRIVER.o
 .debug_loc     0x0000000000000650       0xc8 STM32F103C6_DRIVERS/STM32F103C6_RCC_DRIVER.o
 .debug_loc     0x0000000000000718      0x2bc STM32F103C6_DRIVERS/STM32F103C6_SPI_DRIVER.o
 .debug_loc     0x00000000000009d4      0x294 STM32F103C6_DRIVERS/STM32F103C6_USART_DRIVER.o
 .debug_loc     0x0000000000000c68       0xf8 Src/main.o

.debug_aranges  0x0000000000000000      0x230
 .debug_aranges
                0x0000000000000000       0x80 STM32F103C6_DRIVERS/STM32F103C6_EXTI_DRIVER.o
 .debug_aranges
                0x0000000000000080       0x60 STM32F103C6_DRIVERS/STM32F103C6_GPIO_DRIVER.o
 .debug_aranges
                0x00000000000000e0       0x38 STM32F103C6_DRIVERS/STM32F103C6_RCC_DRIVER.o
 .debug_aranges
                0x0000000000000118       0x58 STM32F103C6_DRIVERS/STM32F103C6_SPI_DRIVER.o
 .debug_aranges
                0x0000000000000170       0x60 STM32F103C6_DRIVERS/STM32F103C6_USART_DRIVER.o
 .debug_aranges
                0x00000000000001d0       0x38 Src/main.o
 .debug_aranges
                0x0000000000000208       0x28 Startup/startup_stm32f103c6tx.o

.debug_ranges   0x0000000000000000      0x1c8
 .debug_ranges  0x0000000000000000       0x70 STM32F103C6_DRIVERS/STM32F103C6_EXTI_DRIVER.o
 .debug_ranges  0x0000000000000070       0x50 STM32F103C6_DRIVERS/STM32F103C6_GPIO_DRIVER.o
 .debug_ranges  0x00000000000000c0       0x28 STM32F103C6_DRIVERS/STM32F103C6_RCC_DRIVER.o
 .debug_ranges  0x00000000000000e8       0x48 STM32F103C6_DRIVERS/STM32F103C6_SPI_DRIVER.o
 .debug_ranges  0x0000000000000130       0x50 STM32F103C6_DRIVERS/STM32F103C6_USART_DRIVER.o
 .debug_ranges  0x0000000000000180       0x28 Src/main.o
 .debug_ranges  0x00000000000001a8       0x20 Startup/startup_stm32f103c6tx.o

.debug_macro    0x0000000000000000      0xf74
 .debug_macro   0x0000000000000000      0x24e STM32F103C6_DRIVERS/STM32F103C6_EXTI_DRIVER.o
 .debug_macro   0x000000000000024e      0x240 STM32F103C6_DRIVERS/STM32F103C6_GPIO_DRIVER.o
 .debug_macro   0x000000000000048e      0x248 STM32F103C6_DRIVERS/STM32F103C6_RCC_DRIVER.o
 .debug_macro   0x00000000000006d6      0x24e STM32F103C6_DRIVERS/STM32F103C6_SPI_DRIVER.o
 .debug_macro   0x0000000000000924       0xd6 STM32F103C6_DRIVERS/STM32F103C6_SPI_DRIVER.o
 .debug_macro   0x00000000000009fa      0x244 STM32F103C6_DRIVERS/STM32F103C6_USART_DRIVER.o
 .debug_macro   0x0000000000000c3e       0xfa STM32F103C6_DRIVERS/STM32F103C6_USART_DRIVER.o
 .debug_macro   0x0000000000000d38      0x23c Src/main.o

.debug_line     0x0000000000000000     0x2dd3
 .debug_line    0x0000000000000000      0x859 STM32F103C6_DRIVERS/STM32F103C6_EXTI_DRIVER.o
 .debug_line    0x0000000000000859      0x7a1 STM32F103C6_DRIVERS/STM32F103C6_GPIO_DRIVER.o
 .debug_line    0x0000000000000ffa      0x6e5 STM32F103C6_DRIVERS/STM32F103C6_RCC_DRIVER.o
 .debug_line    0x00000000000016df      0x7d8 STM32F103C6_DRIVERS/STM32F103C6_SPI_DRIVER.o
 .debug_line    0x0000000000001eb7      0x7b5 STM32F103C6_DRIVERS/STM32F103C6_USART_DRIVER.o
 .debug_line    0x000000000000266c      0x6e3 Src/main.o
 .debug_line    0x0000000000002d4f       0x84 Startup/startup_stm32f103c6tx.o

.debug_str      0x0000000000000000     0xb79d
 .debug_str     0x0000000000000000     0xb10c STM32F103C6_DRIVERS/STM32F103C6_EXTI_DRIVER.o
                                       0xb37c (size before relaxing)
 .debug_str     0x000000000000b10c      0x122 STM32F103C6_DRIVERS/STM32F103C6_GPIO_DRIVER.o
                                       0xb227 (size before relaxing)
 .debug_str     0x000000000000b22e       0xf5 STM32F103C6_DRIVERS/STM32F103C6_RCC_DRIVER.o
                                       0xb18c (size before relaxing)
 .debug_str     0x000000000000b323      0x242 STM32F103C6_DRIVERS/STM32F103C6_SPI_DRIVER.o
                                       0xb3af (size before relaxing)
 .debug_str     0x000000000000b565      0x1a9 STM32F103C6_DRIVERS/STM32F103C6_USART_DRIVER.o
                                       0xb31a (size before relaxing)
 .debug_str     0x000000000000b70e       0x5e Src/main.o
                                       0xb33c (size before relaxing)
 .debug_str     0x000000000000b76c       0x31 Startup/startup_stm32f103c6tx.o
                                         0x6e (size before relaxing)

.comment        0x0000000000000000       0x7b
 .comment       0x0000000000000000       0x7b STM32F103C6_DRIVERS/STM32F103C6_EXTI_DRIVER.o
                                         0x7c (size before relaxing)
 .comment       0x000000000000007b       0x7c STM32F103C6_DRIVERS/STM32F103C6_GPIO_DRIVER.o
 .comment       0x000000000000007b       0x7c STM32F103C6_DRIVERS/STM32F103C6_RCC_DRIVER.o
 .comment       0x000000000000007b       0x7c STM32F103C6_DRIVERS/STM32F103C6_SPI_DRIVER.o
 .comment       0x000000000000007b       0x7c STM32F103C6_DRIVERS/STM32F103C6_USART_DRIVER.o
 .comment       0x000000000000007b       0x7c Src/main.o

.debug_frame    0x0000000000000000      0x6f8
 .debug_frame   0x0000000000000000      0x1b0 STM32F103C6_DRIVERS/STM32F103C6_EXTI_DRIVER.o
 .debug_frame   0x00000000000001b0      0x178 STM32F103C6_DRIVERS/STM32F103C6_GPIO_DRIVER.o
 .debug_frame   0x0000000000000328       0x84 STM32F103C6_DRIVERS/STM32F103C6_RCC_DRIVER.o
 .debug_frame   0x00000000000003ac      0x144 STM32F103C6_DRIVERS/STM32F103C6_SPI_DRIVER.o
 .debug_frame   0x00000000000004f0      0x14c STM32F103C6_DRIVERS/STM32F103C6_USART_DRIVER.o
 .debug_frame   0x000000000000063c       0x90 Src/main.o
 .debug_frame   0x00000000000006cc       0x2c c:/st/stm32cubeide_1.4.0/stm32cubeide/plugins/com.st.stm32cube.ide.mcu.externaltools.gnu-tools-for-stm32.7-2018-q2-update.win32_1.4.0.202007081208/tools/bin/../lib/gcc/arm-none-eabi/7.3.1/../../../../arm-none-eabi/lib/thumb/v7-m\libc_nano.a(lib_a-init.o)
