STM32F103C6_EXTI_DRIVER.c:36:6:ENABLE_NVIC	16	static
STM32F103C6_EXTI_DRIVER.c:71:6:DISABLE_NVIC	16	static
STM32F103C6_EXTI_DRIVER.c:108:6:UPDATE_EXTI	24	static
STM32F103C6_EXTI_DRIVER.c:182:6:MCAL_EXTI_GPIO_DEINIT	4	static
STM32F103C6_EXTI_DRIVER.c:211:6:MCAL_EXTI_GPIO_INIT	16	static
STM32F103C6_EXTI_DRIVER.c:224:6:MCAL_EXTI_GPIO_UPDATE	16	static
STM32F103C6_EXTI_DRIVER.c:237:6:EXTI0_IRQHandler	8	static
STM32F103C6_EXTI_DRIVER.c:246:6:EXTI1_IRQHandler	8	static
STM32F103C6_EXTI_DRIVER.c:256:6:EXTI2_IRQHandler	8	static
STM32F103C6_EXTI_DRIVER.c:266:6:EXTI3_IRQHandler	8	static
STM32F103C6_EXTI_DRIVER.c:276:6:EXTI4_IRQHandler	8	static
STM32F103C6_EXTI_DRIVER.c:287:6:EXTI9_5_IRQHandler	8	static
STM32F103C6_EXTI_DRIVER.c:295:6:EXTI15_10_IRQHandler	8	static
