STM32F103C6_USART_DRIVER.c:21:6:MCAL_USART_INIT	24	static
STM32F103C6_USART_DRIVER.c:88:6:MCAL_USART_DEINIT	16	static
STM32F103C6_USART_DRIVER.c:114:6:MCAL_USART_GPIO_SETPIN	24	static
STM32F103C6_USART_DRIVER.c:241:6:MCAL_USART_SEND	24	static
STM32F103C6_USART_DRIVER.c:271:6:MCAL_USART_RECIEVE	24	static
STM32F103C6_USART_DRIVER.c:325:6:MCAL_USART_TC	16	static
STM32F103C6_USART_DRIVER.c:333:6:USART1_IRQHandler	8	static
STM32F103C6_USART_DRIVER.c:340:6:USART2_IRQHandler	8	static
STM32F103C6_USART_DRIVER.c:345:6:USART3_IRQHandler	8	static
